[evolution-rgaa.numerique.gouv.fr/index.html]
[backblue.gif]
[fade.gif]
[index.html]
[evolution-rgaa.numerique.gouv.fr/apple-touch-icon.png]
[evolution-rgaa.numerique.gouv.fr/favicon-32x32.png]
[evolution-rgaa.numerique.gouv.fr/favicon-16x16.png]
[evolution-rgaa.numerique.gouv.fr/manifest.json]
[evolution-rgaa.numerique.gouv.fr/sites/default/files/css/css_lQaZfjVpwP_oGNqdtWCSpJT1EMqXdMiU84ekLLxQnc4.css]
[evolution-rgaa.numerique.gouv.fr/sites/default/files/css/css_9ww0SpkDDxKUaNRaLlcx_uHxFfmv8rxEG_Pr4NUHTQc.css]
[evolution-rgaa.numerique.gouv.fr/sites/default/files/css/css_jSHGlKptBSQ0ly_dBepzfQlS0cS8BcW0NXkXbMvcuBA.css]
[evolution-rgaa.numerique.gouv.fr/sites/default/files/css/css_CLFMBEnYRQWA0Y3SM0nlP1gj2L5S2ezWqKqluRMfkJ4.css]
[evolution-rgaa.numerique.gouv.fr/sites/default/files/css/css_j3axoTG5iUXl9TJpMp1z5GXAt0b2TCPcrM7WPyEsJjA.css]
[evolution-rgaa.numerique.gouv.fr/sites/default/files/js/js_vwsJN9itjqBI27bJtH9u7PQcMoIt_nWjB_Kut4LplVs.js]
[evolution-rgaa.numerique.gouv.fr/sites/default/files/js/js_lcu2RLXXgRXN_kTGGiuw7rqwYs-n4gb943v0lkeFqzk.js]
[evolution-rgaa.numerique.gouv.fr/sites/default/files/js/js_gDzfFCz6pKVe7Yq_Hr4qAmXEZe5lUED1w1951nIKTZI.js]
[evolution-rgaa.numerique.gouv.fr/sites/default/files/js/js_2edQiPwoHoYMCo-KMNAolRgwsKKfVZFZJZfjj71EMLw.js]
[evolution-rgaa.numerique.gouv.fr/sites/default/files/js/js_X46LR0i2mnc15xOUDd33t7iVpXKhZLOeayvuwdg5Tk8.js]
[evolution-rgaa.numerique.gouv.fr/sites/default/files/js/js_LBBwTN9ESSH1IwunfT1MWigp1zeggn9pRG3NzKGRZsc.js]
[evolution-rgaa.numerique.gouv.fr/modal_forms/nojs/login.html]
[evolution-rgaa.numerique.gouv.fr/sites/all/themes/custom/dialoguons/logo.png]
[evolution-rgaa.numerique.gouv.fr/charte-de-participation-et-de-moderation.html]
[evolution-rgaa.numerique.gouv.fr/file/1262/rgaa-4-1_05062019-defc783.odt]
[evolution-rgaa.numerique.gouv.fr/propos-du-rgaa.html]
[evolution-rgaa.numerique.gouv.fr/formulaire/formulaire-de-contact.html]
[evolution-rgaa.numerique.gouv.fr/participer/questions-diverses/methode-technique-consultation-du-5-juin-au-3-juillet-2656.html]
[evolution-rgaa.numerique.gouv.fr/participer/images/critere-11-chaque-image-t-elle-une-alternative-textuelle-2357.html]
[evolution-rgaa.numerique.gouv.fr/participer/images/critere-12-pour-chaque-image-de-decoration-ayant-une-alternative-textuelle-cette.html]
[evolution-rgaa.numerique.gouv.fr/participer/images/critere-13-pour-chaque-image-porteuse-dinformation-ayant-une-alternative-textuelle.html]
[evolution-rgaa.numerique.gouv.fr/participer/images/critere-14-pour-chaque-image-utilisee-comme-captcha-ou-comme-image-test-ayant-une.html]
[evolution-rgaa.numerique.gouv.fr/participer/images/critere-15-pour-chaque-image-utilisee-comme-captcha-une-solution-dacces-alternatif.html]
[evolution-rgaa.numerique.gouv.fr/participer/images/critere-16-chaque-image-porteuse-dinformation-t-elle-si-necessaire-une-description.html]
[evolution-rgaa.numerique.gouv.fr/participer/images/critere-17-pour-chaque-image-porteuse-dinformation-ayant-une-description-detaillee.html]
[evolution-rgaa.numerique.gouv.fr/participer/images/critere-18-aa-chaque-image-texte-porteuse-dinformation-en-labsence-dun-mecanisme.html]
[evolution-rgaa.numerique.gouv.fr/participer/images/critere-110-chaque-legende-dimage-est-elle-si-necessaire-correctement-reliee.html]
[evolution-rgaa.numerique.gouv.fr/participer/cadres/critere-21-chaque-cadre-en-ligne-t-il-un-titre-de-cadre-2179.html]
[evolution-rgaa.numerique.gouv.fr/participer/cadres/critere-22-pour-chaque-cadre-en-ligne-ayant-un-titre-de-cadre-ce-titre-de-cadre.html]
[evolution-rgaa.numerique.gouv.fr/participer/couleurs/critere-32-dans-chaque-page-web-linformation-ne-doit-pas-etre-donnee-uniquement.html]
[evolution-rgaa.numerique.gouv.fr/participer/couleurs/critere-33-aa-dans-chaque-page-web-le-contraste-entre-la-couleur-du-texte-et-la.html]
[evolution-rgaa.numerique.gouv.fr/participer/couleurs/nouveau-critere-35-aa-dans-chaque-page-web-les-couleurs-utilisees-dans-les.html]
[evolution-rgaa.numerique.gouv.fr/participer/multimedia/critere-43-chaque-media-temporel-synchronise-pre-enregistre-t-il-si-necessaire.html]
[evolution-rgaa.numerique.gouv.fr/participer/multimedia/critere-45-aa-chaque-media-temporel-en-direct-t-il-si-necessaire-des-sous.html]
[evolution-rgaa.numerique.gouv.fr/participer/multimedia/critere-46-aa-pour-chaque-media-temporel-en-direct-ayant-des-sous-titres.html]
[evolution-rgaa.numerique.gouv.fr/participer/multimedia/critere-418-chaque-son-declenche-automatiquement-est-il-controlable-par.html]
[evolution-rgaa.numerique.gouv.fr/participer/tableaux/critere-51-chaque-tableau-de-donnees-complexe-t-il-un-resume-2219.html]
[evolution-rgaa.numerique.gouv.fr/participer/tableaux/critere-52-pour-chaque-tableau-de-donnees-complexe-ayant-un-resume-celui-ci-est.html]
[evolution-rgaa.numerique.gouv.fr/participer/tableaux/critere-54-chaque-tableau-de-donnees-t-il-un-titre-2223.html]
[evolution-rgaa.numerique.gouv.fr/participer/tableaux/critere-55-pour-chaque-tableau-de-donnees-ayant-un-titre-celui-ci-est-il.html]
[evolution-rgaa.numerique.gouv.fr/participer/tableaux/critere-56-pour-chaque-tableau-de-donnees-chaque-en-tete-de-colonnes-et-chaque.html]
[evolution-rgaa.numerique.gouv.fr/participer/tableaux/critere-57-pour-chaque-tableau-de-donnees-la-technique-appropriee-permettant.html]
[evolution-rgaa.numerique.gouv.fr/participer/scripts/critere-71-chaque-script-est-il-si-necessaire-compatible-avec-les-technologies.html]
[evolution-rgaa.numerique.gouv.fr/participer/scripts/critere-73-chaque-script-est-il-controlable-par-le-clavier-et-la-souris-hors-cas.html]
[evolution-rgaa.numerique.gouv.fr/participer/scripts/nouveau-critere-76-dans-chaque-page-web-les-messages-de-statut-sont-ils.html]
[evolution-rgaa.numerique.gouv.fr/participer/liens/critere-61-chaque-lien-est-il-explicite-hors-cas-particuliers-2536.html]
[evolution-rgaa.numerique.gouv.fr/participer/liens/critere-62-pour-chaque-lien-ayant-un-titre-de-lien-celui-ci-est-il-pertinent-2534.html]
[evolution-rgaa.numerique.gouv.fr/participer/liens/critere-64-pour-chaque-page-web-chaque-lien-identique-t-il-les-memes-fonction-et.html]
[evolution-rgaa.numerique.gouv.fr/participer/liens/critere-65-dans-chaque-page-web-chaque-lien-lexception-des-ancres-t-il-un-intitule.html]
[evolution-rgaa.numerique.gouv.fr/participer/elements-obligatoires/critere-82-pour-chaque-page-web-le-code-source-est-il-valide-selon.html]
[evolution-rgaa.numerique.gouv.fr/participer/elements-obligatoires/critere-87-aa-dans-chaque-page-web-chaque-changement-de-langue-est.html]
[evolution-rgaa.numerique.gouv.fr/participer/elements-obligatoires/critere-88-aa-dans-chaque-page-web-chaque-changement-de-langue-est.html]
[evolution-rgaa.numerique.gouv.fr/participer/structuration-de-linformation/critere-91-dans-chaque-page-web-linformation-est-elle.html]
[evolution-rgaa.numerique.gouv.fr/participer/structuration-de-linformation/critere-92-dans-chaque-page-web-la-structure-du-document.html]
[evolution-rgaa.numerique.gouv.fr/participer/structuration-de-linformation/critere-93-dans-chaque-page-web-chaque-liste-est-elle.html]
[evolution-rgaa.numerique.gouv.fr/participer/presentation-de-linformation/critere-104-aa-dans-chaque-page-web-le-texte-reste-t-il.html]
[evolution-rgaa.numerique.gouv.fr/participer/presentation-de-linformation/critere-106-dans-chaque-page-web-chaque-lien-dont-la-nature.html]
[evolution-rgaa.numerique.gouv.fr/participer/presentation-de-linformation/critere-107-dans-chaque-page-web-pour-chaque-element.html]
[evolution-rgaa.numerique.gouv.fr/participer/presentation-de-linformation/critere-1013-pour-chaque-page-web-les-textes-caches-sont-ils.html]
[evolution-rgaa.numerique.gouv.fr/participer/presentation-de-linformation/critere-1014-dans-chaque-page-web-linformation-ne-doit-pas.html]
[evolution-rgaa.numerique.gouv.fr/participer/presentation-de-linformation/critere-1015-dans-chaque-page-web-linformation-ne-doit-pas.html]
[evolution-rgaa.numerique.gouv.fr/participer/presentation-de-linformation/nouveau-critere-1016-aa-pour-chaque-page-web-les-contenus.html]
[evolution-rgaa.numerique.gouv.fr/participer/presentation-de-linformation/nouveau-critere-1017-aa-dans-chaque-page-web-les-proprietes.html]
[evolution-rgaa.numerique.gouv.fr/participer/presentation-de-linformation/nouveau-critere-1018-aa-dans-chaque-page-web-les-contenus.html]
[evolution-rgaa.numerique.gouv.fr/participer/presentation-de-linformation/nouveau-critere-1020-dans-chaque-page-web-les-contenus.html]
[evolution-rgaa.numerique.gouv.fr/participer/formulaire/critere-111-chaque-champ-de-formulaire-t-il-une-etiquette-2101.html]
[evolution-rgaa.numerique.gouv.fr/participer/formulaire/critere-112-chaque-etiquette-associee-un-champ-de-formulaire-est-elle.html]
[evolution-rgaa.numerique.gouv.fr/participer/formulaire/critere-114-dans-chaque-formulaire-chaque-etiquette-de-champ-et-son-champ.html]
[evolution-rgaa.numerique.gouv.fr/participer/formulaire/critere-115-dans-chaque-formulaire-les-informations-de-meme-nature-sont-elles.html]
[evolution-rgaa.numerique.gouv.fr/participer/formulaire/critere-116-dans-chaque-formulaire-chaque-regroupement-de-champs-de-formulaire.html]
[evolution-rgaa.numerique.gouv.fr/participer/formulaire/critere-117-dans-chaque-formulaire-chaque-legende-associee-un-groupement-de.html]
[evolution-rgaa.numerique.gouv.fr/participer/formulaire/critere-118-dans-chaque-formulaire-chaque-liste-de-choix-est-elle-structuree.html]
[evolution-rgaa.numerique.gouv.fr/participer/formulaire/critere-119-dans-chaque-formulaire-lintitule-de-chaque-bouton-est-il-pertinent.html]
[evolution-rgaa.numerique.gouv.fr/participer/formulaire/critere-1110-dans-chaque-formulaire-le-controle-de-saisie-est-il-utilise-de.html]
[evolution-rgaa.numerique.gouv.fr/participer/formulaire/critere-1111-aa-dans-chaque-formulaire-le-controle-de-saisie-est-il-accompagne.html]
[evolution-rgaa.numerique.gouv.fr/participer/formulaire/critere-1112-aa-pour-chaque-formulaire-les-donnees-caractere-financier.html]
[evolution-rgaa.numerique.gouv.fr/participer/formulaire/nouveau-critere-1116-aa-la-finalite-dun-champ-de-saisie-peut-elle-deduite-pour.html]
[evolution-rgaa.numerique.gouv.fr/participer/navigation/critere-122-aa-dans-chaque-ensemble-de-pages-le-menu-et-les-barres-de.html]
[evolution-rgaa.numerique.gouv.fr/participer/navigation/critere-123-aa-dans-chaque-ensemble-de-pages-le-menu-et-les-barres-de.html]
[evolution-rgaa.numerique.gouv.fr/participer/navigation/critere-127-aa-dans-chaque-page-dune-collection-de-pages-des-liens-facilitant.html]
[evolution-rgaa.numerique.gouv.fr/participer/navigation/critere-1210-dans-chaque-page-web-les-groupes-de-liens-importants-menu-barre.html]
[evolution-rgaa.numerique.gouv.fr/participer/navigation/critere-1211-dans-chaque-page-web-un-lien-dacces-rapide-la-zone-de-contenu.html]
[evolution-rgaa.numerique.gouv.fr/participer/navigation/nouveau-critere-1215-dans-chaque-page-web-les-raccourcis-clavier-nutilisant.html]
[evolution-rgaa.numerique.gouv.fr/participer/navigation/nouveau-critere-1216-dans-chaque-page-web-les-contenus-additionnels.html]
[evolution-rgaa.numerique.gouv.fr/participer/consultation/critere-132-dans-chaque-page-web-pour-chaque-ouverture-de-nouvelle-fenetre.html]
[evolution-rgaa.numerique.gouv.fr/participer/consultation/critere-136-dans-chaque-page-web-pour-chaque-fichier-en-telechargement-des.html]
[evolution-rgaa.numerique.gouv.fr/participer/consultation/nouveau-critere-1318-aa-dans-chaque-page-web-le-contenu-propose-est-il.html]
[evolution-rgaa.numerique.gouv.fr/participer/consultation/nouveau-critere-1319-dans-chaque-page-web-les-fonctionnalites-disponibles-au.html]
[evolution-rgaa.numerique.gouv.fr/participer/consultation/nouveau-critere-1320-dans-chaque-page-web-les-actions-declenchees-au-moyen.html]
[evolution-rgaa.numerique.gouv.fr/participer/consultation/nouveau-critere-1321-dans-chaque-page-web-les-fonctionnalites-qui-impliquent.html]
[evolution-rgaa.numerique.gouv.fr/participer/cas-particuliers/critere-136-2615.html]
[evolution-rgaa.numerique.gouv.fr/participer/cas-particuliers/critere-1321-2604.html]
[evolution-rgaa.numerique.gouv.fr/participer/cas-particuliers/critere-61-112-119-2597.html]
[evolution-rgaa.numerique.gouv.fr/participer/cas-particuliers/critere-122-123-2587.html]
[evolution-rgaa.numerique.gouv.fr/participer/cas-particuliers/critere-121-2585.html]
[evolution-rgaa.numerique.gouv.fr/participer/cas-particuliers/critere-1211-2559.html]
[evolution-rgaa.numerique.gouv.fr/participer/cas-particuliers/critere-114-2515.html]
[evolution-rgaa.numerique.gouv.fr/participer/cas-particuliers/critere-1110-2512.html]
[evolution-rgaa.numerique.gouv.fr/participer/cas-particuliers/critere-1319-2490.html]
[evolution-rgaa.numerique.gouv.fr/participer/cas-particuliers/critere-18-2449.html]
[evolution-rgaa.numerique.gouv.fr/participer/cas-particuliers/critere-33-2264.html]
[evolution-rgaa.numerique.gouv.fr/participer/cas-particuliers/critere-35-2276.html]
[evolution-rgaa.numerique.gouv.fr/participer/cas-particuliers/critere-57-2233.html]
[evolution-rgaa.numerique.gouv.fr/participer/cas-particuliers/critere-82-2231.html]
[evolution-rgaa.numerique.gouv.fr/participer/cas-particuliers/critere-92-2299.html]
[evolution-rgaa.numerique.gouv.fr/participer/cas-particuliers/critere-104-2317.html]
[evolution-rgaa.numerique.gouv.fr/participer/cas-particuliers/critere-1016-2246.html]
[evolution-rgaa.numerique.gouv.fr/participer/cas-particuliers/critere-1017-2341.html]
[evolution-rgaa.numerique.gouv.fr/participer/cas-particuliers/critere-1018-2348.html]
[evolution-rgaa.numerique.gouv.fr/participer/glossaire/prise-de-focus-2641.html]
[evolution-rgaa.numerique.gouv.fr/participer/glossaire/motif-de-conception-2639.html]
[evolution-rgaa.numerique.gouv.fr/participer/glossaire/composant-dinterface-2637.html]
[evolution-rgaa.numerique.gouv.fr/participer/glossaire/le-nom-le-role-la-valeur-le-parametrage-et-les-changements-detats-2635.html]
[evolution-rgaa.numerique.gouv.fr/participer/glossaire/accessible-et-activable-par-le-clavier-et-la-souris-2626.html]
[evolution-rgaa.numerique.gouv.fr/participer/glossaire/attribut-target-2620.html]
[evolution-rgaa.numerique.gouv.fr/participer/glossaire/nouvelle-entree-de-glossaire-message-de-statut-2611.html]
[evolution-rgaa.numerique.gouv.fr/participer/glossaire/nouvelle-entree-de-glossaire-raccourci-clavier-2592.html]
[evolution-rgaa.numerique.gouv.fr/participer/glossaire/collection-de-pages-2576.html]
[evolution-rgaa.numerique.gouv.fr/participer/glossaire/nouvelle-entree-de-glossaire-landmark-2572.html]
[evolution-rgaa.numerique.gouv.fr/participer/glossaire/ensemble-de-pages-2567.html]
[evolution-rgaa.numerique.gouv.fr/participer/glossaire/menu-de-navigation-2565.html]
[evolution-rgaa.numerique.gouv.fr/participer/glossaire/barre-de-navigation-2563.html]
[evolution-rgaa.numerique.gouv.fr/participer/glossaire/systemes-de-navigation-2561.html]
[evolution-rgaa.numerique.gouv.fr/participer/glossaire/liens-devitement-ou-dacces-rapide-2557.html]
[evolution-rgaa.numerique.gouv.fr/participer/glossaire/nouvelle-entree-intitule-visible-2547.html]
[evolution-rgaa.numerique.gouv.fr/participer/glossaire/lien-identique-2545.html]
[evolution-rgaa.numerique.gouv.fr/participer/glossaire/titre-de-lien-2543.html]
[evolution-rgaa.numerique.gouv.fr/participer/glossaire/contexte-du-lien-2527.html]
[evolution-rgaa.numerique.gouv.fr/participer/glossaire/lien-composite-2525.html]
[evolution-rgaa.numerique.gouv.fr/participer/glossaire/lien-image-2523.html]
[evolution-rgaa.numerique.gouv.fr/participer/glossaire/lien-texte-2521.html]
[evolution-rgaa.numerique.gouv.fr/participer/glossaire/intitule-de-lien-2519.html]
[evolution-rgaa.numerique.gouv.fr/participer/glossaire/lien-2517.html]
[evolution-rgaa.numerique.gouv.fr/participer/glossaire/nouvelle-entree-regles-decriture-2509.html]
[evolution-rgaa.numerique.gouv.fr/participer/glossaire/nouvelle-entree-presse-ou-pose-2500.html]
[evolution-rgaa.numerique.gouv.fr/participer/glossaire/nouvelle-entree-relache-ou-releve-2499.html]
[evolution-rgaa.numerique.gouv.fr/participer/glossaire/nouvelle-entree-gestes-simples-et-gestes-complexes-2492.html]
[evolution-rgaa.numerique.gouv.fr/participer/glossaire/nouvelle-entree-formulaire-2483.html]
[evolution-rgaa.numerique.gouv.fr/participer/glossaire/en-tete-de-lignes-ou-de-colonnes-2473.html]
[evolution-rgaa.numerique.gouv.fr/participer/glossaire/nouvelle-entree-tableau-de-donnees-ayant-un-titre-2463.html]
[evolution-rgaa.numerique.gouv.fr/participer/glossaire/tableau-de-donnees-2454.html]
[evolution-rgaa.numerique.gouv.fr/participer/glossaire/nouvelle-entree-passage-de-texte-associe-au-tableau-de-donnees-2452.html]
[evolution-rgaa.numerique.gouv.fr/participer/glossaire/tableau-de-donnees-complexe-2441.html]
[evolution-rgaa.numerique.gouv.fr/participer/glossaire/description-detaillee-image-2412.html]
[evolution-rgaa.numerique.gouv.fr/participer/glossaire/image-de-decoration-2376.html]
[evolution-rgaa.numerique.gouv.fr/participer/glossaire/nouvelle-entree-contenu-alternatif-2366.html]
[evolution-rgaa.numerique.gouv.fr/participer/glossaire/lien-adjacent-2355.html]
[evolution-rgaa.numerique.gouv.fr/participer/glossaire/alternative-textuelle-2353.html]
[evolution-rgaa.numerique.gouv.fr/participer/glossaire/texte-cache-2332.html]
[evolution-rgaa.numerique.gouv.fr/participer/glossaire/taille-de-caractere-2319.html]
[evolution-rgaa.numerique.gouv.fr/participer/glossaire/liste-2309.html]
[evolution-rgaa.numerique.gouv.fr/participer/glossaire/arborescence-du-document-2301.html]
[evolution-rgaa.numerique.gouv.fr/participer/glossaire/titre-2293.html]
[evolution-rgaa.numerique.gouv.fr/participer/glossaire/nouvelle-entree-element-graphique-2274.html]
[evolution-rgaa.numerique.gouv.fr/participer/glossaire/nouvelle-entree-couleur-darriere-plan-contigue-et-couleur-contigue-2272.html]
[evolution-rgaa.numerique.gouv.fr/participer/glossaire/mecanisme-qui-permet-dafficher-le-texte-avec-un-rapport-de-contraste-conforme.html]
[evolution-rgaa.numerique.gouv.fr/participer/glossaire/information-donnee-par-la-couleur-2254.html]
[evolution-rgaa.numerique.gouv.fr/participer/glossaire/resume-2251.html]
[evolution-rgaa.numerique.gouv.fr/participer/glossaire/uniquement-des-fins-de-presentation-2240.html]
[evolution-rgaa.numerique.gouv.fr/participer/glossaire/accoles-etiquette-et-champ-accoles-2210.html]
[evolution-rgaa.numerique.gouv.fr/participer/glossaire/champ-de-saisie-de-formulaire-2209.html]
[evolution-rgaa.numerique.gouv.fr/participer/glossaire/bloc-dinformations-de-meme-nature-2208.html]
[evolution-rgaa.numerique.gouv.fr/participer/glossaire/bouton-formulaire-2207.html]
[evolution-rgaa.numerique.gouv.fr/participer/glossaire/nouvelle-entree-modifier-ou-annuler-les-donnees-et-les-actions-effectuees-2206.html]
[evolution-rgaa.numerique.gouv.fr/participer/glossaire/nouvelle-entree-liste-des-valeurs-possibles-pour-lattribut-autocomplete-2205.html]
[evolution-rgaa.numerique.gouv.fr/participer/glossaire/nouvelle-entree-indication-de-champ-obligatoire-2204.html]
[evolution-rgaa.numerique.gouv.fr/participer/glossaire/nouvelle-entree-indication-du-type-de-donnees-etou-de-format-2203.html]
[evolution-rgaa.numerique.gouv.fr/participer/glossaire/etiquette-2202.html]
[evolution-rgaa.numerique.gouv.fr/participer/glossaire/liste-de-choix-2201.html]
[evolution-rgaa.numerique.gouv.fr/participer/glossaire/controle-de-saisie-2200.html]
[evolution-rgaa.numerique.gouv.fr/participer/glossaire/passage-de-texte-lie-par-aria-labelledby-ou-aria-describedby-2199.html]
[evolution-rgaa.numerique.gouv.fr/participer/glossaire/cadre-en-ligne-2198.html]
[evolution-rgaa.numerique.gouv.fr/participer/glossaire/titre-de-cadre-2197.html]
[evolution-rgaa.numerique.gouv.fr/participer/notes-techniques/critere-73-2628.html]
[evolution-rgaa.numerique.gouv.fr/participer/notes-techniques/critere-1210-2574.html]
[evolution-rgaa.numerique.gouv.fr/participer/notes-techniques/critere-65-2549.html]
[evolution-rgaa.numerique.gouv.fr/participer/notes-techniques/critere-12-2378.html]
[evolution-rgaa.numerique.gouv.fr/participer/notes-techniques/critere-13-2394.html]
[evolution-rgaa.numerique.gouv.fr/participer/notes-techniques/critere-16-2426.html]
[evolution-rgaa.numerique.gouv.fr/participer/notes-techniques/critere-110-2469.html]
[evolution-rgaa.numerique.gouv.fr/participer/notes-techniques/critere-92-2303.html]
[evolution-rgaa.numerique.gouv.fr/participer/notes-techniques/critere-93-2311.html]
[evolution-rgaa.numerique.gouv.fr/participer/notes-techniques/critere-107-2327.html]
[evolution-rgaa.numerique.gouv.fr/participer/notes-techniques/critere-1320-2497.html]
[evolution-rgaa.numerique.gouv.fr/participer/questions-diverses/simplicite-dacces-facilite-dutilisation-et-de-mise-en-oeuvre-du-rgaa.html]
[evolution-rgaa.numerique.gouv.fr/participer/questions-diverses/methode-de-calcul-du-taux-de-conformite-2249.html]
[evolution-rgaa.numerique.gouv.fr/participer/questions-diverses/methode-daudit-2248.html]
[evolution-rgaa.numerique.gouv.fr/mentions-legales.html]
[evolution-rgaa.numerique.gouv.fr/accessibilite.html]
[evolution-rgaa.numerique.gouv.fr/index.html]
[evolution-rgaa.numerique.gouv.fr/safari-pinned-tab.svg]
[evolution-rgaa.numerique.gouv.fr/misc/throbber-inactive.png]
[evolution-rgaa.numerique.gouv.fr/misc/throbber-active.gif]
[evolution-rgaa.numerique.gouv.fr/misc/grippie.png]
[evolution-rgaa.numerique.gouv.fr/misc/draggable.png]
[evolution-rgaa.numerique.gouv.fr/misc/tree.png]
[evolution-rgaa.numerique.gouv.fr/misc/tree-bottom.png]
[evolution-rgaa.numerique.gouv.fr/sites/default/files/css/css_lQaZfjVpwP_oGNqdtWCSpJT1EMqXdMiU84ekLLxQnc4.css]
[evolution-rgaa.numerique.gouv.fr/sites/all/modules/contrib/jquery_update/replace/ui/themes/base/images/ui-bg_flat_75_ffffff_40x100.png]
[evolution-rgaa.numerique.gouv.fr/sites/all/modules/contrib/jquery_update/replace/ui/themes/base/images/ui-bg_highlight-soft_75_cccccc_1x100.png]
[evolution-rgaa.numerique.gouv.fr/sites/all/modules/contrib/jquery_update/replace/ui/themes/base/images/ui-bg_glass_75_e6e6e6_1x400.png]
[evolution-rgaa.numerique.gouv.fr/sites/all/modules/contrib/jquery_update/replace/ui/themes/base/images/ui-bg_glass_75_dadada_1x400.png]
[evolution-rgaa.numerique.gouv.fr/sites/all/modules/contrib/jquery_update/replace/ui/themes/base/images/ui-bg_glass_65_ffffff_1x400.png]
[evolution-rgaa.numerique.gouv.fr/sites/all/modules/contrib/jquery_update/replace/ui/themes/base/images/ui-bg_glass_55_fbf9ee_1x400.png]
[evolution-rgaa.numerique.gouv.fr/sites/all/modules/contrib/jquery_update/replace/ui/themes/base/images/ui-bg_glass_95_fef1ec_1x400.png]
[evolution-rgaa.numerique.gouv.fr/sites/all/modules/contrib/jquery_update/replace/ui/themes/base/images/ui-icons_222222_256x240.png]
[evolution-rgaa.numerique.gouv.fr/sites/all/modules/contrib/jquery_update/replace/ui/themes/base/images/ui-icons_888888_256x240.png]
[evolution-rgaa.numerique.gouv.fr/sites/all/modules/contrib/jquery_update/replace/ui/themes/base/images/ui-icons_454545_256x240.png]
[evolution-rgaa.numerique.gouv.fr/sites/all/modules/contrib/jquery_update/replace/ui/themes/base/images/ui-icons_2e83ff_256x240.png]
[evolution-rgaa.numerique.gouv.fr/sites/all/modules/contrib/jquery_update/replace/ui/themes/base/images/ui-icons_cd0a0a_256x240.png]
[evolution-rgaa.numerique.gouv.fr/sites/all/modules/contrib/jquery_update/replace/ui/themes/base/images/ui-bg_flat_0_aaaaaa_40x100.png]
[evolution-rgaa.numerique.gouv.fr/sites/default/files/css/css_9ww0SpkDDxKUaNRaLlcx_uHxFfmv8rxEG_Pr4NUHTQc.css]
[evolution-rgaa.numerique.gouv.fr/sites/all/modules/contrib/menu_attach_block/arrow-asc.png]
[evolution-rgaa.numerique.gouv.fr/sites/all/modules/contrib/menu_attach_block/arrow-desc.png]
[evolution-rgaa.numerique.gouv.fr/sites/default/files/css/css_jSHGlKptBSQ0ly_dBepzfQlS0cS8BcW0NXkXbMvcuBA.css]
[evolution-rgaa.numerique.gouv.fr/sites/all/modules/contrib/ctools/images/status-active.gif]
[evolution-rgaa.numerique.gouv.fr/sites/all/modules/contrib/ctools/images/arrow-active.png]
[evolution-rgaa.numerique.gouv.fr/sites/all/modules/contrib/ctools/images/expanded-options.png]
[evolution-rgaa.numerique.gouv.fr/sites/all/modules/contrib/modal_forms/images/controls.png]
[evolution-rgaa.numerique.gouv.fr/sites/all/modules/contrib/hybridauth/plugins/icon_pack/hybridauth_16/icons/openid.png]
[evolution-rgaa.numerique.gouv.fr/sites/all/modules/contrib/hybridauth/plugins/icon_pack/hybridauth_16/icons/aol.png]
[evolution-rgaa.numerique.gouv.fr/sites/all/modules/contrib/hybridauth/plugins/icon_pack/hybridauth_16/icons/facebook.png]
[evolution-rgaa.numerique.gouv.fr/sites/all/modules/contrib/hybridauth/plugins/icon_pack/hybridauth_16/icons/foursquare.png]
[evolution-rgaa.numerique.gouv.fr/sites/all/modules/contrib/hybridauth/plugins/icon_pack/hybridauth_16/icons/google.png]
[evolution-rgaa.numerique.gouv.fr/sites/all/modules/contrib/hybridauth/plugins/icon_pack/hybridauth_16/icons/linkedin.png]
[evolution-rgaa.numerique.gouv.fr/sites/all/modules/contrib/hybridauth/plugins/icon_pack/hybridauth_16/icons/live.png]
[evolution-rgaa.numerique.gouv.fr/sites/all/modules/contrib/hybridauth/plugins/icon_pack/hybridauth_16/icons/myspace.png]
[evolution-rgaa.numerique.gouv.fr/sites/all/modules/contrib/hybridauth/plugins/icon_pack/hybridauth_16/icons/twitter.png]
[evolution-rgaa.numerique.gouv.fr/sites/all/modules/contrib/hybridauth/plugins/icon_pack/hybridauth_16/icons/yahoo.png]
[evolution-rgaa.numerique.gouv.fr/sites/all/modules/contrib/hybridauth/plugins/icon_pack/hybridauth_16/icons/500px.png]
[evolution-rgaa.numerique.gouv.fr/sites/all/modules/contrib/hybridauth/plugins/icon_pack/hybridauth_16/icons/disqus.png]
[evolution-rgaa.numerique.gouv.fr/sites/all/modules/contrib/hybridauth/plugins/icon_pack/hybridauth_16/icons/drupaloauth2.png]
[evolution-rgaa.numerique.gouv.fr/sites/all/modules/contrib/hybridauth/plugins/icon_pack/hybridauth_16/icons/esia.png]
[evolution-rgaa.numerique.gouv.fr/sites/all/modules/contrib/hybridauth/plugins/icon_pack/hybridauth_16/icons/github.png]
[evolution-rgaa.numerique.gouv.fr/sites/all/modules/contrib/hybridauth/plugins/icon_pack/hybridauth_16/icons/goodreads.png]
[evolution-rgaa.numerique.gouv.fr/sites/all/modules/contrib/hybridauth/plugins/icon_pack/hybridauth_16/icons/humanitarianid.png]
[evolution-rgaa.numerique.gouv.fr/sites/all/modules/contrib/hybridauth/plugins/icon_pack/hybridauth_16/icons/identica.png]
[evolution-rgaa.numerique.gouv.fr/sites/all/modules/contrib/hybridauth/plugins/icon_pack/hybridauth_16/icons/instagram.png]
[evolution-rgaa.numerique.gouv.fr/sites/all/modules/contrib/hybridauth/plugins/icon_pack/hybridauth_16/icons/lastfm.png]
[evolution-rgaa.numerique.gouv.fr/sites/all/modules/contrib/hybridauth/plugins/icon_pack/hybridauth_16/icons/mailru.png]
[evolution-rgaa.numerique.gouv.fr/sites/all/modules/contrib/hybridauth/plugins/icon_pack/hybridauth_16/icons/murmur.png]
[evolution-rgaa.numerique.gouv.fr/sites/all/modules/contrib/hybridauth/plugins/icon_pack/hybridauth_16/icons/odnoklassniki.png]
[evolution-rgaa.numerique.gouv.fr/sites/all/modules/contrib/hybridauth/plugins/icon_pack/hybridauth_16/icons/openstreetmap.png]
[evolution-rgaa.numerique.gouv.fr/sites/all/modules/contrib/hybridauth/plugins/icon_pack/hybridauth_16/icons/pinterest.png]
[evolution-rgaa.numerique.gouv.fr/sites/all/modules/contrib/hybridauth/plugins/icon_pack/hybridauth_16/icons/pixnet.png]
[evolution-rgaa.numerique.gouv.fr/sites/all/modules/contrib/hybridauth/plugins/icon_pack/hybridauth_16/icons/plurk.png]
[evolution-rgaa.numerique.gouv.fr/sites/all/modules/contrib/hybridauth/plugins/icon_pack/hybridauth_16/icons/qq.png]
[evolution-rgaa.numerique.gouv.fr/sites/all/modules/contrib/hybridauth/plugins/icon_pack/hybridauth_16/icons/sina.png]
[evolution-rgaa.numerique.gouv.fr/sites/all/modules/contrib/hybridauth/plugins/icon_pack/hybridauth_16/icons/skyrock.png]
[evolution-rgaa.numerique.gouv.fr/sites/all/modules/contrib/hybridauth/plugins/icon_pack/hybridauth_16/icons/steam.png]
[evolution-rgaa.numerique.gouv.fr/sites/all/modules/contrib/hybridauth/plugins/icon_pack/hybridauth_16/icons/tumblr.png]
[evolution-rgaa.numerique.gouv.fr/sites/all/modules/contrib/hybridauth/plugins/icon_pack/hybridauth_16/icons/viadeo.png]
[evolution-rgaa.numerique.gouv.fr/sites/all/modules/contrib/hybridauth/plugins/icon_pack/hybridauth_16/icons/vimeo.png]
[evolution-rgaa.numerique.gouv.fr/sites/all/modules/contrib/hybridauth/plugins/icon_pack/hybridauth_16/icons/vkontakte.png]
[evolution-rgaa.numerique.gouv.fr/sites/all/modules/contrib/hybridauth/plugins/icon_pack/hybridauth_16/icons/wargaming.png]
[evolution-rgaa.numerique.gouv.fr/sites/all/modules/contrib/hybridauth/plugins/icon_pack/hybridauth_16/icons/xing.png]
[evolution-rgaa.numerique.gouv.fr/sites/all/modules/contrib/hybridauth/plugins/icon_pack/hybridauth_16/icons/yandex.png]
[evolution-rgaa.numerique.gouv.fr/sites/default/files/css/css_CLFMBEnYRQWA0Y3SM0nlP1gj2L5S2ezWqKqluRMfkJ4.css]
[evolution-rgaa.numerique.gouv.fr/path/to/boxsizing.102.delayed]
[evolution-rgaa.numerique.gouv.fr/sites/all/themes/custom/dialoguons/styles/fonts/tinymced41d.eot]
[evolution-rgaa.numerique.gouv.fr/sites/all/themes/custom/dialoguons/styles/fonts/tinymce.woff]
[evolution-rgaa.numerique.gouv.fr/sites/all/themes/custom/dialoguons/styles/fonts/tinymce.ttf]
[evolution-rgaa.numerique.gouv.fr/sites/all/themes/custom/dialoguons/images/picto_plus.png]
[evolution-rgaa.numerique.gouv.fr/sites/all/themes/custom/dialoguons/images/fleche-bleu-bas.png]
[evolution-rgaa.numerique.gouv.fr/sites/all/themes/custom/dialoguons/images/sprite_pictos.png]
[evolution-rgaa.numerique.gouv.fr/sites/all/themes/custom/dialoguons/images/deco-fil-col-dt.png]
[evolution-rgaa.numerique.gouv.fr/sites/all/themes/custom/dialoguons/images/picto-lien.png]
[evolution-rgaa.numerique.gouv.fr/sites/all/themes/custom/dialoguons/images/icone-file-default.png]
[evolution-rgaa.numerique.gouv.fr/sites/all/themes/custom/dialoguons/images/icone-file-pdf.png]
[evolution-rgaa.numerique.gouv.fr/sites/all/themes/custom/dialoguons/images/icone-file-doc.png]
[evolution-rgaa.numerique.gouv.fr/sites/all/themes/custom/dialoguons/images/icone-file-docx.png]
[evolution-rgaa.numerique.gouv.fr/sites/all/themes/custom/dialoguons/images/icone-file-ppt.png]
[evolution-rgaa.numerique.gouv.fr/sites/all/themes/custom/dialoguons/images/icone-file-xls.png]
[evolution-rgaa.numerique.gouv.fr/sites/all/themes/custom/dialoguons/images/icone-download.png]
[evolution-rgaa.numerique.gouv.fr/sites/all/themes/custom/dialoguons/images/deco-fil.png]
[evolution-rgaa.numerique.gouv.fr/sites/all/themes/custom/dialoguons/images/bt-accordeon.png]
[evolution-rgaa.numerique.gouv.fr/sites/all/themes/custom/dialoguons/images/sprite_hpr.png]
[evolution-rgaa.numerique.gouv.fr/sites/all/themes/custom/dialoguons/images/sprite_hpr_2x.png]
[evolution-rgaa.numerique.gouv.fr/sites/all/themes/custom/dialoguons/images/puce-arrow-green.png]
[evolution-rgaa.numerique.gouv.fr/sites/all/themes/custom/dialoguons/images/puce-arrow-blue.png]
[evolution-rgaa.numerique.gouv.fr/sites/all/themes/custom/dialoguons/images/puce-arrow-purple.png]
[evolution-rgaa.numerique.gouv.fr/sites/all/themes/custom/dialoguons/images/puce-arrow-red.png]
[evolution-rgaa.numerique.gouv.fr/sites/all/themes/custom/dialoguons/images/sprite_menu.png]
[evolution-rgaa.numerique.gouv.fr/sites/all/themes/custom/dialoguons/images/hide-filters.png]
[evolution-rgaa.numerique.gouv.fr/sites/all/themes/custom/dialoguons/images/puce-verte.png]
[evolution-rgaa.numerique.gouv.fr/sites/all/themes/custom/dialoguons/images/puce-bleu.png]
[evolution-rgaa.numerique.gouv.fr/sites/all/themes/custom/dialoguons/images/panneau-abus.png]
[evolution-rgaa.numerique.gouv.fr/sites/all/themes/custom/dialoguons/images/picto-menu.png]
[evolution-rgaa.numerique.gouv.fr/sites/all/themes/custom/dialoguons/images/picto-contrib-blanc-plus.png]
[evolution-rgaa.numerique.gouv.fr/sites/all/themes/custom/dialoguons/images/fleche-bulle-total.png]
[evolution-rgaa.numerique.gouv.fr/sites/all/themes/custom/dialoguons/images/notification-new-user.png]
[evolution-rgaa.numerique.gouv.fr/sites/all/themes/custom/dialoguons/images/fd-count-comments.png]
[evolution-rgaa.numerique.gouv.fr/sites/all/themes/custom/dialoguons/images/smile.png]
[evolution-rgaa.numerique.gouv.fr/sites/all/themes/custom/dialoguons/images/tag.png]
[evolution-rgaa.numerique.gouv.fr/sites/default/files/css/css_j3axoTG5iUXl9TJpMp1z5GXAt0b2TCPcrM7WPyEsJjA.css]
[evolution-rgaa.numerique.gouv.fr/sites/default/files/css/css_O-A149MN3uDjHyleLhWarmM_0ii9l1M-xNN1C8KaAu4.css]
[evolution-rgaa.numerique.gouv.fr/sites/default/files/css/css_kziQbEOaZnn2RRoj-B83VIC8E4dqanlewxz0aBL9PxQ.css]
[evolution-rgaa.numerique.gouv.fr/sites/default/files/js/js_4xLdsDVCT_tToIeNcPhfO_wYnvCCv3uU-Fv4PAI-C6I.js]
[evolution-rgaa.numerique.gouv.fr/sites/default/files/js/js_K5u8WppPabjnIUgh3mxuEhRgtwRGkQTvrObma5uQyms.js]
[evolution-rgaa.numerique.gouv.fr/modal_forms/nojs/login.html]
[evolution-rgaa.numerique.gouv.fr/modal_forms/nojs/password.html]
[evolution-rgaa.numerique.gouv.fr/sites/default/files/js/js_uHm3p7wlLWSOeTWX4E2nt9JGkVf1WJY2Sv3-_W7mj5Y.js]
[evolution-rgaa.numerique.gouv.fr/mon-profil]
[evolution-rgaa.numerique.gouv.fr/charte-de-participation-et-de-moderation.html]
[www.etsi.org/deliver/etsi_en/301500_301599/301549/02.01.02_60/en_301549v020102p.152.delayed]
[evolution-rgaa.numerique.gouv.fr/propos-du-rgaa.html]
[www.w3.org/TR/WCAG21/index.html]
[www.w3.org/Translations/WCAG20-fr/index.html]
[www.w3.org/TR/WCAG20/index.html]
[www.w3.org/TR/WCAG20-TECHS/index.html]
[www.w3.org/TR/html-aam-1.0/index.html]
[www.w3.org/TR/accname-1.1/index.html]
[www.w3.org/TR/UNDERSTANDING-WCAG20/index.html]
[www.w3.org/TR/html-aria/index.html]
[evolution-rgaa.numerique.gouv.fr/sites/default/files/css/css_tLC_BeBzpOZ7H2S2tA9SJFrFZZ6UTZuXemUQv263mSA.css]
[evolution-rgaa.numerique.gouv.fr/formulaire/formulaire-de-contact.html]
[evolution-rgaa.numerique.gouv.fr/sites/default/files/js/js_ilV3Ej7J6sMCXP4vjdHjZ4bH_tM4Snjn_PfFUIhbijQ.js]
[eur-lex.europa.eu/legal-content/FR/TXT/indexfd0f.html]
[evolution-rgaa.numerique.gouv.fr/sites/default/files/css/css_mzYYOmu42q9GBREi0pt3KiYDMmkmuob318EW9aS4sQg.css]
[evolution-rgaa.numerique.gouv.fr/sites/default/files/js/js_cXuFGmRfV-09-JaAiWm6Ymg5dUz5cRkStGaOMh6WLW0.js]
[evolution-rgaa.numerique.gouv.fr/sites/default/files/css/css__dZCc3EU5-LQdNHVLsKiUqbT3w1tl_pmp34aHS-g9P4.css]
[evolution-rgaa.numerique.gouv.fr/participer/questions-diverses/methode-technique-consultation-du-5-juin-au-3-juillet-2656.html]
[evolution-rgaa.numerique.gouv.fr/sites/default/files/js/js_HKrs2j2pHieO5MUHQi2Xxce_LS8mYYQVKQf3TS-4oaU.js]
[evolution-rgaa.numerique.gouv.fr/signaler-abus/2358/1944]
[evolution-rgaa.numerique.gouv.fr/signaler-abus/2358/1945]
[evolution-rgaa.numerique.gouv.fr/signaler-abus/2360/1975]
[evolution-rgaa.numerique.gouv.fr/signaler-abus/2361/1976]
[evolution-rgaa.numerique.gouv.fr/signaler-abus/2361/2055]
[evolution-rgaa.numerique.gouv.fr/signaler-abus/2361/2057]
[evolution-rgaa.numerique.gouv.fr/signaler-abus/2364/2019]
[evolution-rgaa.numerique.gouv.fr/participer/images/critere-11-chaque-image-t-elle-une-alternative-textuelle-2357.html]
[evolution-rgaa.numerique.gouv.fr/signaler-abus/2373/2020]
[evolution-rgaa.numerique.gouv.fr/signaler-abus/2374/2021]
[evolution-rgaa.numerique.gouv.fr/signaler-abus/2375/2022]
[evolution-rgaa.numerique.gouv.fr/participer/images/critere-12-pour-chaque-image-de-decoration-ayant-une-alternative-textuelle-cette.html]
[evolution-rgaa.numerique.gouv.fr/signaler-abus/2381/1938]
[evolution-rgaa.numerique.gouv.fr/signaler-abus/2381/1977]
[evolution-rgaa.numerique.gouv.fr/signaler-abus/2381/1978]
[evolution-rgaa.numerique.gouv.fr/signaler-abus/2383/2023]
[evolution-rgaa.numerique.gouv.fr/signaler-abus/2389/2024]
[evolution-rgaa.numerique.gouv.fr/ajax/dialoguons-contributions/23802c4a.json]
[evolution-rgaa.numerique.gouv.fr/participer/images/critere-13-pour-chaque-image-porteuse-dinformation-ayant-une-alternative-textuelle.html]
[evolution-rgaa.numerique.gouv.fr/signaler-abus/2397/2014]
[evolution-rgaa.numerique.gouv.fr/signaler-abus/2397/2015]
[evolution-rgaa.numerique.gouv.fr/ajax/dialoguons-contributions/23962c4a.json]
[evolution-rgaa.numerique.gouv.fr/participer/images/critere-14-pour-chaque-image-utilisee-comme-captcha-ou-comme-image-test-ayant-une.html]
[evolution-rgaa.numerique.gouv.fr/participer/images/critere-15-pour-chaque-image-utilisee-comme-captcha-une-solution-dacces-alternatif.html]
[evolution-rgaa.numerique.gouv.fr/signaler-abus/2424/2025]
[evolution-rgaa.numerique.gouv.fr/signaler-abus/2421/2026]
[evolution-rgaa.numerique.gouv.fr/signaler-abus/2420/2056]
[evolution-rgaa.numerique.gouv.fr/ajax/dialoguons-contributions/24142c4a.json]
[evolution-rgaa.numerique.gouv.fr/participer/images/critere-16-chaque-image-porteuse-dinformation-t-elle-si-necessaire-une-description.html]
[evolution-rgaa.numerique.gouv.fr/signaler-abus/2429/1969]
[evolution-rgaa.numerique.gouv.fr/signaler-abus/2434/2027.181.delayed]
[evolution-rgaa.numerique.gouv.fr/signaler-abus/2438/1964]
[evolution-rgaa.numerique.gouv.fr/participer/images/critere-17-pour-chaque-image-porteuse-dinformation-ayant-une-description-detaillee.html]
[evolution-rgaa.numerique.gouv.fr/signaler-abus/2440/2028]
[evolution-rgaa.numerique.gouv.fr/participer/images/critere-18-aa-chaque-image-texte-porteuse-dinformation-en-labsence-dun-mecanisme.html]
[evolution-rgaa.numerique.gouv.fr/signaler-abus/2456/1993]
[evolution-rgaa.numerique.gouv.fr/signaler-abus/2456/1994]
[evolution-rgaa.numerique.gouv.fr/signaler-abus/2456/2045]
[evolution-rgaa.numerique.gouv.fr/participer/images/critere-110-chaque-legende-dimage-est-elle-si-necessaire-correctement-reliee.html]
[evolution-rgaa.numerique.gouv.fr/signaler-abus/2180/1813]
[evolution-rgaa.numerique.gouv.fr/signaler-abus/2180/1850]
[evolution-rgaa.numerique.gouv.fr/signaler-abus/2181/1851]
[evolution-rgaa.numerique.gouv.fr/signaler-abus/2181/1939]
[evolution-rgaa.numerique.gouv.fr/signaler-abus/2181/1940]
[evolution-rgaa.numerique.gouv.fr/participer/cadres/critere-21-chaque-cadre-en-ligne-t-il-un-titre-de-cadre-2179.html]
[evolution-rgaa.numerique.gouv.fr/signaler-abus/2184/1895]
[evolution-rgaa.numerique.gouv.fr/signaler-abus/2184/1941]
[evolution-rgaa.numerique.gouv.fr/participer/cadres/critere-22-pour-chaque-cadre-en-ligne-ayant-un-titre-de-cadre-ce-titre-de-cadre.html]
[evolution-rgaa.numerique.gouv.fr/participer/couleurs/critere-32-dans-chaque-page-web-linformation-ne-doit-pas-etre-donnee-uniquement.html]
[evolution-rgaa.numerique.gouv.fr/signaler-abus/2257/1867.194.delayed]
[evolution-rgaa.numerique.gouv.fr/signaler-abus/2257/1989]
[evolution-rgaa.numerique.gouv.fr/participer/couleurs/critere-33-aa-dans-chaque-page-web-le-contraste-entre-la-couleur-du-texte-et-la.html]
[evolution-rgaa.numerique.gouv.fr/signaler-abus/2267/1833]
[evolution-rgaa.numerique.gouv.fr/signaler-abus/2268/1834]
[evolution-rgaa.numerique.gouv.fr/signaler-abus/2268/1955]
[evolution-rgaa.numerique.gouv.fr/signaler-abus/2271/1836]
[evolution-rgaa.numerique.gouv.fr/signaler-abus/2657]
[evolution-rgaa.numerique.gouv.fr/signaler-abus/2657/2117]
[evolution-rgaa.numerique.gouv.fr/participer/couleurs/nouveau-critere-35-aa-dans-chaque-page-web-les-couleurs-utilisees-dans-les.html]
[evolution-rgaa.numerique.gouv.fr/signaler-abus/2476/2100]
[evolution-rgaa.numerique.gouv.fr/participer/multimedia/critere-43-chaque-media-temporel-synchronise-pre-enregistre-t-il-si-necessaire.html]
[evolution-rgaa.numerique.gouv.fr/participer/multimedia/critere-45-aa-chaque-media-temporel-en-direct-t-il-si-necessaire-des-sous.html]
[evolution-rgaa.numerique.gouv.fr/participer/multimedia/critere-46-aa-pour-chaque-media-temporel-en-direct-ayant-des-sous-titres.html]
[evolution-rgaa.numerique.gouv.fr/participer/multimedia/critere-418-chaque-son-declenche-automatiquement-est-il-controlable-par.html]
[evolution-rgaa.numerique.gouv.fr/signaler-abus/2220/1883]
[evolution-rgaa.numerique.gouv.fr/participer/tableaux/critere-51-chaque-tableau-de-donnees-complexe-t-il-un-resume-2219.html]
[evolution-rgaa.numerique.gouv.fr/participer/tableaux/critere-52-pour-chaque-tableau-de-donnees-complexe-ayant-un-resume-celui-ci-est.html]
[evolution-rgaa.numerique.gouv.fr/signaler-abus/2224/1843.1a6.delayed]
[evolution-rgaa.numerique.gouv.fr/signaler-abus/2224/1872]
[evolution-rgaa.numerique.gouv.fr/signaler-abus/2224/1887.1a8.delayed]
[evolution-rgaa.numerique.gouv.fr/signaler-abus/2224/1894]
[evolution-rgaa.numerique.gouv.fr/signaler-abus/2224/1903]
[evolution-rgaa.numerique.gouv.fr/signaler-abus/2224/1905]
[evolution-rgaa.numerique.gouv.fr/signaler-abus/2225/1842]
[evolution-rgaa.numerique.gouv.fr/signaler-abus/2225/1897]
[evolution-rgaa.numerique.gouv.fr/participer/tableaux/critere-54-chaque-tableau-de-donnees-t-il-un-titre-2223.html]
[evolution-rgaa.numerique.gouv.fr/participer/tableaux/critere-55-pour-chaque-tableau-de-donnees-ayant-un-titre-celui-ci-est-il.html]
[evolution-rgaa.numerique.gouv.fr/signaler-abus/2472/2101]
[evolution-rgaa.numerique.gouv.fr/participer/tableaux/critere-56-pour-chaque-tableau-de-donnees-chaque-en-tete-de-colonnes-et-chaque.html]
[evolution-rgaa.numerique.gouv.fr/signaler-abus/2227/1870]
[evolution-rgaa.numerique.gouv.fr/signaler-abus/2227/2111]
[evolution-rgaa.numerique.gouv.fr/signaler-abus/2279]
[evolution-rgaa.numerique.gouv.fr/participer/tableaux/critere-57-pour-chaque-tableau-de-donnees-la-technique-appropriee-permettant.html]
[evolution-rgaa.numerique.gouv.fr/signaler-abus/2658]
[evolution-rgaa.numerique.gouv.fr/participer/scripts/critere-71-chaque-script-est-il-si-necessaire-compatible-avec-les-technologies.html]
[evolution-rgaa.numerique.gouv.fr/participer/scripts/critere-73-chaque-script-est-il-controlable-par-le-clavier-et-la-souris-hors-cas.html]
[evolution-rgaa.numerique.gouv.fr/signaler-abus/2609/2112]
[evolution-rgaa.numerique.gouv.fr/signaler-abus/2608/2113]
[evolution-rgaa.numerique.gouv.fr/signaler-abus/2607/2114]
[evolution-rgaa.numerique.gouv.fr/signaler-abus/2659]
[evolution-rgaa.numerique.gouv.fr/participer/scripts/nouveau-critere-76-dans-chaque-page-web-les-messages-de-statut-sont-ils.html]
[evolution-rgaa.numerique.gouv.fr/signaler-abus/2542/2053]
[evolution-rgaa.numerique.gouv.fr/signaler-abus/2537/2102]
[evolution-rgaa.numerique.gouv.fr/signaler-abus/2537/2116]
[evolution-rgaa.numerique.gouv.fr/participer/liens/critere-61-chaque-lien-est-il-explicite-hors-cas-particuliers-2536.html]
[evolution-rgaa.numerique.gouv.fr/participer/liens/critere-62-pour-chaque-lien-ayant-un-titre-de-lien-celui-ci-est-il-pertinent-2534.html]
[evolution-rgaa.numerique.gouv.fr/participer/liens/critere-64-pour-chaque-page-web-chaque-lien-identique-t-il-les-memes-fonction-et.html]
[evolution-rgaa.numerique.gouv.fr/participer/liens/critere-65-dans-chaque-page-web-chaque-lien-lexception-des-ancres-t-il-un-intitule.html]
[evolution-rgaa.numerique.gouv.fr/signaler-abus/2229/1952.1c5.delayed]
[evolution-rgaa.numerique.gouv.fr/signaler-abus/2229/1959]
[evolution-rgaa.numerique.gouv.fr/signaler-abus/2229/2006]
[evolution-rgaa.numerique.gouv.fr/signaler-abus/2230/1859]
[evolution-rgaa.numerique.gouv.fr/signaler-abus/2230/1868.1c9.delayed]
[evolution-rgaa.numerique.gouv.fr/participer/elements-obligatoires/critere-82-pour-chaque-page-web-le-code-source-est-il-valide-selon.html]
[evolution-rgaa.numerique.gouv.fr/participer/elements-obligatoires/critere-87-aa-dans-chaque-page-web-chaque-changement-de-langue-est.html]
[evolution-rgaa.numerique.gouv.fr/participer/elements-obligatoires/critere-88-aa-dans-chaque-page-web-chaque-changement-de-langue-est.html]
[evolution-rgaa.numerique.gouv.fr/signaler-abus/2289/1923]
[evolution-rgaa.numerique.gouv.fr/signaler-abus/2290/1924]
[evolution-rgaa.numerique.gouv.fr/participer/structuration-de-linformation/critere-91-dans-chaque-page-web-linformation-est-elle.html]
[evolution-rgaa.numerique.gouv.fr/signaler-abus/2296/2103]
[evolution-rgaa.numerique.gouv.fr/signaler-abus/2297/1925]
[evolution-rgaa.numerique.gouv.fr/participer/structuration-de-linformation/critere-92-dans-chaque-page-web-la-structure-du-document.html]
[evolution-rgaa.numerique.gouv.fr/signaler-abus/2307/1926.1d3.delayed]
[evolution-rgaa.numerique.gouv.fr/participer/structuration-de-linformation/critere-93-dans-chaque-page-web-chaque-liste-est-elle.html]
[evolution-rgaa.numerique.gouv.fr/signaler-abus/2316/2104]
[evolution-rgaa.numerique.gouv.fr/signaler-abus/2316/2108]
[evolution-rgaa.numerique.gouv.fr/signaler-abus/2316/2115]
[evolution-rgaa.numerique.gouv.fr/participer/presentation-de-linformation/critere-104-aa-dans-chaque-page-web-le-texte-reste-t-il.html]
[evolution-rgaa.numerique.gouv.fr/participer/presentation-de-linformation/critere-106-dans-chaque-page-web-chaque-lien-dont-la-nature.html]
[evolution-rgaa.numerique.gouv.fr/signaler-abus/2324/1910]
[evolution-rgaa.numerique.gouv.fr/signaler-abus/2324/1911]
[evolution-rgaa.numerique.gouv.fr/signaler-abus/2324/1942]
[evolution-rgaa.numerique.gouv.fr/signaler-abus/2324/1943]
[evolution-rgaa.numerique.gouv.fr/signaler-abus/2324/1946]
[evolution-rgaa.numerique.gouv.fr/participer/presentation-de-linformation/critere-107-dans-chaque-page-web-pour-chaque-element.html]
[evolution-rgaa.numerique.gouv.fr/signaler-abus/2330/1927]
[evolution-rgaa.numerique.gouv.fr/signaler-abus/2331/2046]
[evolution-rgaa.numerique.gouv.fr/participer/presentation-de-linformation/critere-1013-pour-chaque-page-web-les-textes-caches-sont-ils.html]
[evolution-rgaa.numerique.gouv.fr/participer/presentation-de-linformation/critere-1014-dans-chaque-page-web-linformation-ne-doit-pas.html]
[evolution-rgaa.numerique.gouv.fr/participer/presentation-de-linformation/critere-1015-dans-chaque-page-web-linformation-ne-doit-pas.html]
[evolution-rgaa.numerique.gouv.fr/signaler-abus/2243/1866]
[evolution-rgaa.numerique.gouv.fr/signaler-abus/2244/1882]
[evolution-rgaa.numerique.gouv.fr/signaler-abus/2504]
[evolution-rgaa.numerique.gouv.fr/signaler-abus/2503]
[evolution-rgaa.numerique.gouv.fr/participer/presentation-de-linformation/nouveau-critere-1016-aa-pour-chaque-page-web-les-contenus.html]
[evolution-rgaa.numerique.gouv.fr/signaler-abus/2340/1928]
[evolution-rgaa.numerique.gouv.fr/signaler-abus/2340/2099]
[evolution-rgaa.numerique.gouv.fr/participer/presentation-de-linformation/nouveau-critere-1017-aa-dans-chaque-page-web-les-proprietes.html]
[evolution-rgaa.numerique.gouv.fr/signaler-abus/2345/1929]
[evolution-rgaa.numerique.gouv.fr/signaler-abus/2345/1966]
[evolution-rgaa.numerique.gouv.fr/signaler-abus/2345/1967]
[evolution-rgaa.numerique.gouv.fr/signaler-abus/2346/2007]
[evolution-rgaa.numerique.gouv.fr/signaler-abus/2347/1914]
[evolution-rgaa.numerique.gouv.fr/participer/presentation-de-linformation/nouveau-critere-1018-aa-dans-chaque-page-web-les-contenus.html]
[evolution-rgaa.numerique.gouv.fr/signaler-abus/2650/2072]
[evolution-rgaa.numerique.gouv.fr/participer/presentation-de-linformation/nouveau-critere-1020-dans-chaque-page-web-les-contenus.html]
[evolution-rgaa.numerique.gouv.fr/signaler-abus/2102/1965]
[evolution-rgaa.numerique.gouv.fr/signaler-abus/2102/2105]
[evolution-rgaa.numerique.gouv.fr/signaler-abus/2103/1788]
[evolution-rgaa.numerique.gouv.fr/signaler-abus/2103/1789]
[evolution-rgaa.numerique.gouv.fr/signaler-abus/2103/1817]
[evolution-rgaa.numerique.gouv.fr/signaler-abus/2103/1954]
[evolution-rgaa.numerique.gouv.fr/participer/formulaire/glossaire.html]
[evolution-rgaa.numerique.gouv.fr/signaler-abus/2105/1790]
[evolution-rgaa.numerique.gouv.fr/signaler-abus/2105/1792]
[evolution-rgaa.numerique.gouv.fr/signaler-abus/2105/1812]
[evolution-rgaa.numerique.gouv.fr/signaler-abus/2105/1888]
[evolution-rgaa.numerique.gouv.fr/signaler-abus/2105/1889]
[evolution-rgaa.numerique.gouv.fr/signaler-abus/2105/1899]
[evolution-rgaa.numerique.gouv.fr/signaler-abus/2105/1917]
[evolution-rgaa.numerique.gouv.fr/signaler-abus/2105/1991]
[evolution-rgaa.numerique.gouv.fr/signaler-abus/2106/1791]
[evolution-rgaa.numerique.gouv.fr/signaler-abus/2106/1793]
[evolution-rgaa.numerique.gouv.fr/signaler-abus/2106/2060]
[evolution-rgaa.numerique.gouv.fr/participer/formulaire/critere-111-chaque-champ-de-formulaire-t-il-une-etiquette-2101.html]
[evolution-rgaa.numerique.gouv.fr/signaler-abus/2111/2106]
[evolution-rgaa.numerique.gouv.fr/participer/formulaire/critere-112-chaque-etiquette-associee-un-champ-de-formulaire-est-elle.html]
[evolution-rgaa.numerique.gouv.fr/signaler-abus/2514/2061]
[evolution-rgaa.numerique.gouv.fr/signaler-abus/2113/1826]
[evolution-rgaa.numerique.gouv.fr/signaler-abus/2114/1787]
[evolution-rgaa.numerique.gouv.fr/signaler-abus/2114/1794]
[evolution-rgaa.numerique.gouv.fr/signaler-abus/2114/1808]
[evolution-rgaa.numerique.gouv.fr/participer/formulaire/critere-114-dans-chaque-formulaire-chaque-etiquette-de-champ-et-son-champ.html]
[evolution-rgaa.numerique.gouv.fr/signaler-abus/2116/2062]
[evolution-rgaa.numerique.gouv.fr/signaler-abus/2117/1823]
[evolution-rgaa.numerique.gouv.fr/signaler-abus/2117/2107.212.delayed]
[evolution-rgaa.numerique.gouv.fr/participer/formulaire/critere-115-dans-chaque-formulaire-les-informations-de-meme-nature-sont-elles.html]
[evolution-rgaa.numerique.gouv.fr/signaler-abus/2120/2065]
[evolution-rgaa.numerique.gouv.fr/signaler-abus/2121/1795]
[evolution-rgaa.numerique.gouv.fr/signaler-abus/2121/1890]
[evolution-rgaa.numerique.gouv.fr/participer/formulaire/critere-116-dans-chaque-formulaire-chaque-regroupement-de-champs-de-formulaire.html]
[evolution-rgaa.numerique.gouv.fr/participer/formulaire/critere-117-dans-chaque-formulaire-chaque-legende-associee-un-groupement-de.html]
[evolution-rgaa.numerique.gouv.fr/signaler-abus/2128/1822]
[evolution-rgaa.numerique.gouv.fr/participer/formulaire/critere-118-dans-chaque-formulaire-chaque-liste-de-choix-est-elle-structuree.html]
[evolution-rgaa.numerique.gouv.fr/signaler-abus/2132/1796]
[evolution-rgaa.numerique.gouv.fr/signaler-abus/2132/1821]
[evolution-rgaa.numerique.gouv.fr/participer/formulaire/critere-119-dans-chaque-formulaire-lintitule-de-chaque-bouton-est-il-pertinent.html]
[evolution-rgaa.numerique.gouv.fr/signaler-abus/2134/1797]
[evolution-rgaa.numerique.gouv.fr/signaler-abus/2134/1820]
[evolution-rgaa.numerique.gouv.fr/signaler-abus/2134/2064]
[evolution-rgaa.numerique.gouv.fr/signaler-abus/2137/1999]
[evolution-rgaa.numerique.gouv.fr/signaler-abus/2138/2000]
[evolution-rgaa.numerique.gouv.fr/signaler-abus/2139/2001]
[evolution-rgaa.numerique.gouv.fr/signaler-abus/2140/2002]
[evolution-rgaa.numerique.gouv.fr/signaler-abus/2278]
[evolution-rgaa.numerique.gouv.fr/participer/formulaire/critere-1110-dans-chaque-formulaire-le-controle-de-saisie-est-il-utilise-de.html]
[evolution-rgaa.numerique.gouv.fr/participer/formulaire/critere-1111-aa-dans-chaque-formulaire-le-controle-de-saisie-est-il-accompagne.html]
[evolution-rgaa.numerique.gouv.fr/signaler-abus/2146/2109]
[evolution-rgaa.numerique.gouv.fr/participer/formulaire/critere-1112-aa-pour-chaque-formulaire-les-donnees-caractere-financier.html]
[evolution-rgaa.numerique.gouv.fr/signaler-abus/2160/1798]
[evolution-rgaa.numerique.gouv.fr/signaler-abus/2160/1806]
[evolution-rgaa.numerique.gouv.fr/signaler-abus/2160/1809.22c.delayed]
[evolution-rgaa.numerique.gouv.fr/signaler-abus/2160/1864]
[evolution-rgaa.numerique.gouv.fr/signaler-abus/2160/1865]
[evolution-rgaa.numerique.gouv.fr/signaler-abus/2160/1880]
[evolution-rgaa.numerique.gouv.fr/signaler-abus/2160/2043]
[evolution-rgaa.numerique.gouv.fr/participer/formulaire/nouveau-critere-1116-aa-la-finalite-dun-champ-de-saisie-peut-elle-deduite-pour.html]
[evolution-rgaa.numerique.gouv.fr/participer/navigation/critere-122-aa-dans-chaque-ensemble-de-pages-le-menu-et-les-barres-de.html]
[evolution-rgaa.numerique.gouv.fr/participer/navigation/critere-123-aa-dans-chaque-ensemble-de-pages-le-menu-et-les-barres-de.html]
[evolution-rgaa.numerique.gouv.fr/participer/navigation/critere-127-aa-dans-chaque-page-dune-collection-de-pages-des-liens-facilitant.html]
[evolution-rgaa.numerique.gouv.fr/participer/navigation/critere-1210-dans-chaque-page-web-les-groupes-de-liens-importants-menu-barre.html]
[evolution-rgaa.numerique.gouv.fr/participer/navigation/critere-1211-dans-chaque-page-web-un-lien-dacces-rapide-la-zone-de-contenu.html]
[evolution-rgaa.numerique.gouv.fr/participer/navigation/nouveau-critere-1215-dans-chaque-page-web-les-raccourcis-clavier-nutilisant.html]
[evolution-rgaa.numerique.gouv.fr/signaler-abus/2645/2098]
[evolution-rgaa.numerique.gouv.fr/participer/navigation/nouveau-critere-1216-dans-chaque-page-web-les-contenus-additionnels.html]
[evolution-rgaa.numerique.gouv.fr/participer/consultation/critere-132-dans-chaque-page-web-pour-chaque-ouverture-de-nouvelle-fenetre.html]
[evolution-rgaa.numerique.gouv.fr/participer/consultation/critere-136-dans-chaque-page-web-pour-chaque-fichier-en-telechargement-des.html]
[evolution-rgaa.numerique.gouv.fr/signaler-abus/2188/1818]
[evolution-rgaa.numerique.gouv.fr/signaler-abus/2188/1970.23d.delayed]
[evolution-rgaa.numerique.gouv.fr/participer/consultation/nouveau-critere-1318-aa-dans-chaque-page-web-le-contenu-propose-est-il.html]
[evolution-rgaa.numerique.gouv.fr/participer/consultation/nouveau-critere-1319-dans-chaque-page-web-les-fonctionnalites-disponibles-au.html]
[evolution-rgaa.numerique.gouv.fr/signaler-abus/2495/1972]
[evolution-rgaa.numerique.gouv.fr/signaler-abus/2495/1998]
[evolution-rgaa.numerique.gouv.fr/participer/consultation/nouveau-critere-1320-dans-chaque-page-web-les-actions-declenchees-au-moyen.html]
[evolution-rgaa.numerique.gouv.fr/participer/consultation/nouveau-critere-1321-dans-chaque-page-web-les-fonctionnalites-qui-impliquent.html]
[evolution-rgaa.numerique.gouv.fr/participer/cas-particuliers/critere-136-2615.html]
[evolution-rgaa.numerique.gouv.fr/participer/cas-particuliers/critere-1321-2604.html]
[evolution-rgaa.numerique.gouv.fr/participer/cas-particuliers/critere-61-112-119-2597.html]
[evolution-rgaa.numerique.gouv.fr/participer/cas-particuliers/critere-122-123-2587.html]
[evolution-rgaa.numerique.gouv.fr/participer/cas-particuliers/critere-121-2585.html]
[evolution-rgaa.numerique.gouv.fr/participer/cas-particuliers/critere-1211-2559.html]
[evolution-rgaa.numerique.gouv.fr/participer/cas-particuliers/critere-114-2515.html]
[evolution-rgaa.numerique.gouv.fr/signaler-abus/2193/1988]
[evolution-rgaa.numerique.gouv.fr/signaler-abus/2193/2063]
[evolution-rgaa.numerique.gouv.fr/participer/cas-particuliers/critere-1110-2512.html]
[evolution-rgaa.numerique.gouv.fr/signaler-abus/2491/2044]
[evolution-rgaa.numerique.gouv.fr/participer/cas-particuliers/critere-1319-2490.html]
[evolution-rgaa.numerique.gouv.fr/participer/cas-particuliers/critere-18-2449.html]
[evolution-rgaa.numerique.gouv.fr/participer/cas-particuliers/critere-33-2264.html]
[evolution-rgaa.numerique.gouv.fr/signaler-abus/2277/1824]
[evolution-rgaa.numerique.gouv.fr/signaler-abus/2277/1825]
[evolution-rgaa.numerique.gouv.fr/participer/cas-particuliers/critere-35-2276.html]
[evolution-rgaa.numerique.gouv.fr/participer/cas-particuliers/critere-57-2233.html]
[evolution-rgaa.numerique.gouv.fr/participer/cas-particuliers/critere-82-2231.html]
[evolution-rgaa.numerique.gouv.fr/participer/cas-particuliers/critere-92-2299.html]
[evolution-rgaa.numerique.gouv.fr/participer/cas-particuliers/critere-104-2317.html]
[evolution-rgaa.numerique.gouv.fr/participer/cas-particuliers/critere-1016-2246.html]
[evolution-rgaa.numerique.gouv.fr/participer/cas-particuliers/critere-1017-2341.html]
[evolution-rgaa.numerique.gouv.fr/signaler-abus/2349/2013]
[evolution-rgaa.numerique.gouv.fr/participer/cas-particuliers/critere-1018-2348.html]
[evolution-rgaa.numerique.gouv.fr/participer/glossaire/prise-de-focus-2641.html]
[evolution-rgaa.numerique.gouv.fr/signaler-abus/2640/2081.25e.delayed]
[evolution-rgaa.numerique.gouv.fr/participer/glossaire/motif-de-conception-2639.html]
[evolution-rgaa.numerique.gouv.fr/signaler-abus/2638/2082]
[evolution-rgaa.numerique.gouv.fr/participer/glossaire/composant-dinterface-2637.html]
[evolution-rgaa.numerique.gouv.fr/signaler-abus/2636/2073]
[evolution-rgaa.numerique.gouv.fr/signaler-abus/2636/2074]
[evolution-rgaa.numerique.gouv.fr/signaler-abus/2636/2078]
[evolution-rgaa.numerique.gouv.fr/signaler-abus/2636/2079]
[evolution-rgaa.numerique.gouv.fr/signaler-abus/2636/2080]
[evolution-rgaa.numerique.gouv.fr/participer/glossaire/le-nom-le-role-la-valeur-le-parametrage-et-les-changements-detats-2635.html]
[evolution-rgaa.numerique.gouv.fr/participer/glossaire/accessible-et-activable-par-le-clavier-et-la-souris-2626.html]
[evolution-rgaa.numerique.gouv.fr/participer/glossaire/attribut-target-2620.html]
[evolution-rgaa.numerique.gouv.fr/signaler-abus/2612/2083]
[evolution-rgaa.numerique.gouv.fr/signaler-abus/2612/2084]
[evolution-rgaa.numerique.gouv.fr/participer/glossaire/nouvelle-entree-de-glossaire-message-de-statut-2611.html]
[evolution-rgaa.numerique.gouv.fr/participer/glossaire/nouvelle-entree-de-glossaire-raccourci-clavier-2592.html]
[evolution-rgaa.numerique.gouv.fr/participer/glossaire/collection-de-pages-2576.html]
[evolution-rgaa.numerique.gouv.fr/participer/glossaire/nouvelle-entree-de-glossaire-landmark-2572.html]
[evolution-rgaa.numerique.gouv.fr/participer/glossaire/ensemble-de-pages-2567.html]
[evolution-rgaa.numerique.gouv.fr/participer/glossaire/menu-de-navigation-2565.html]
[evolution-rgaa.numerique.gouv.fr/participer/glossaire/barre-de-navigation-2563.html]
[evolution-rgaa.numerique.gouv.fr/participer/glossaire/systemes-de-navigation-2561.html]
[evolution-rgaa.numerique.gouv.fr/participer/glossaire/liens-devitement-ou-dacces-rapide-2557.html]
[evolution-rgaa.numerique.gouv.fr/participer/glossaire/nouvelle-entree-intitule-visible-2547.html]
[evolution-rgaa.numerique.gouv.fr/participer/glossaire/lien-identique-2545.html]
[evolution-rgaa.numerique.gouv.fr/participer/glossaire/titre-de-lien-2543.html]
[evolution-rgaa.numerique.gouv.fr/participer/glossaire/contexte-du-lien-2527.html]
[evolution-rgaa.numerique.gouv.fr/participer/glossaire/lien-composite-2525.html]
[evolution-rgaa.numerique.gouv.fr/participer/glossaire/lien-image-2523.html]
[evolution-rgaa.numerique.gouv.fr/participer/glossaire/lien-texte-2521.html]
[evolution-rgaa.numerique.gouv.fr/signaler-abus/2520/2054]
[evolution-rgaa.numerique.gouv.fr/signaler-abus/2520/2077]
[evolution-rgaa.numerique.gouv.fr/signaler-abus/2651]
[evolution-rgaa.numerique.gouv.fr/signaler-abus/2651/2091]
[evolution-rgaa.numerique.gouv.fr/signaler-abus/2651/2110]
[evolution-rgaa.numerique.gouv.fr/participer/glossaire/intitule-de-lien-2519.html]
[evolution-rgaa.numerique.gouv.fr/participer/glossaire/lien-2517.html]
[evolution-rgaa.numerique.gouv.fr/participer/glossaire/nouvelle-entree-regles-decriture-2509.html]
[evolution-rgaa.numerique.gouv.fr/participer/glossaire/nouvelle-entree-presse-ou-pose-2500.html]
[evolution-rgaa.numerique.gouv.fr/participer/glossaire/nouvelle-entree-relache-ou-releve-2499.html]
[evolution-rgaa.numerique.gouv.fr/participer/glossaire/nouvelle-entree-gestes-simples-et-gestes-complexes-2492.html]
[evolution-rgaa.numerique.gouv.fr/participer/glossaire/nouvelle-entree-formulaire-2483.html]
[evolution-rgaa.numerique.gouv.fr/participer/glossaire/en-tete-de-lignes-ou-de-colonnes-2473.html]
[evolution-rgaa.numerique.gouv.fr/participer/glossaire/nouvelle-entree-tableau-de-donnees-ayant-un-titre-2463.html]
[evolution-rgaa.numerique.gouv.fr/participer/glossaire/tableau-de-donnees-2454.html]
[evolution-rgaa.numerique.gouv.fr/signaler-abus/2453/1956]
[evolution-rgaa.numerique.gouv.fr/participer/glossaire/nouvelle-entree-passage-de-texte-associe-au-tableau-de-donnees-2452.html]
[evolution-rgaa.numerique.gouv.fr/participer/glossaire/tableau-de-donnees-complexe-2441.html]
[evolution-rgaa.numerique.gouv.fr/participer/glossaire/description-detaillee-image-2412.html]
[evolution-rgaa.numerique.gouv.fr/participer/glossaire/image-de-decoration-2376.html]
[evolution-rgaa.numerique.gouv.fr/participer/glossaire/nouvelle-entree-contenu-alternatif-2366.html]
[evolution-rgaa.numerique.gouv.fr/participer/glossaire/lien-adjacent-2355.html]
[evolution-rgaa.numerique.gouv.fr/participer/glossaire/alternative-textuelle-2353.html]
[evolution-rgaa.numerique.gouv.fr/participer/glossaire/texte-cache-2332.html]
[evolution-rgaa.numerique.gouv.fr/participer/glossaire/taille-de-caractere-2319.html]
[evolution-rgaa.numerique.gouv.fr/participer/glossaire/liste-2309.html]
[evolution-rgaa.numerique.gouv.fr/participer/glossaire/arborescence-du-document-2301.html]
[evolution-rgaa.numerique.gouv.fr/participer/glossaire/titre-2293.html]
[evolution-rgaa.numerique.gouv.fr/participer/glossaire/nouvelle-entree-element-graphique-2274.html]
[evolution-rgaa.numerique.gouv.fr/signaler-abus/2273/1829]
[evolution-rgaa.numerique.gouv.fr/signaler-abus/2273/1855.29a.delayed]
[evolution-rgaa.numerique.gouv.fr/participer/glossaire/nouvelle-entree-couleur-darriere-plan-contigue-et-couleur-contigue-2272.html]
[evolution-rgaa.numerique.gouv.fr/participer/glossaire/mecanisme-qui-permet-dafficher-le-texte-avec-un-rapport-de-contraste-conforme.html]
[evolution-rgaa.numerique.gouv.fr/participer/glossaire/information-donnee-par-la-couleur-2254.html]
[evolution-rgaa.numerique.gouv.fr/participer/glossaire/resume-2251.html]
[evolution-rgaa.numerique.gouv.fr/signaler-abus/2241/1832]
[evolution-rgaa.numerique.gouv.fr/signaler-abus/2241/1862]
[evolution-rgaa.numerique.gouv.fr/participer/glossaire/uniquement-des-fins-de-presentation-2240.html]
[evolution-rgaa.numerique.gouv.fr/participer/glossaire/accoles-etiquette-et-champ-accoles-2210.html]
[evolution-rgaa.numerique.gouv.fr/participer/glossaire/champ-de-saisie-de-formulaire-2209.html]
[evolution-rgaa.numerique.gouv.fr/participer/glossaire/bloc-dinformations-de-meme-nature-2208.html]
[evolution-rgaa.numerique.gouv.fr/participer/glossaire/bouton-formulaire-2207.html]
[evolution-rgaa.numerique.gouv.fr/participer/glossaire/nouvelle-entree-modifier-ou-annuler-les-donnees-et-les-actions-effectuees-2206.html]
[evolution-rgaa.numerique.gouv.fr/signaler-abus/2169/1990]
[evolution-rgaa.numerique.gouv.fr/participer/glossaire/nouvelle-entree-liste-des-valeurs-possibles-pour-lattribut-autocomplete-2205.html]
[evolution-rgaa.numerique.gouv.fr/participer/glossaire/nouvelle-entree-indication-de-champ-obligatoire-2204.html]
[evolution-rgaa.numerique.gouv.fr/participer/glossaire/nouvelle-entree-indication-du-type-de-donnees-etou-de-format-2203.html]
[evolution-rgaa.numerique.gouv.fr/participer/glossaire/etiquette-2202.html]
[evolution-rgaa.numerique.gouv.fr/signaler-abus/2173/1807]
[evolution-rgaa.numerique.gouv.fr/participer/glossaire/liste-de-choix-2201.html]
[evolution-rgaa.numerique.gouv.fr/signaler-abus/2174/1819]
[evolution-rgaa.numerique.gouv.fr/participer/glossaire/controle-de-saisie-2200.html]
[evolution-rgaa.numerique.gouv.fr/signaler-abus/2175/1830]
[evolution-rgaa.numerique.gouv.fr/signaler-abus/2175/1831]
[evolution-rgaa.numerique.gouv.fr/signaler-abus/2175/1873]
[evolution-rgaa.numerique.gouv.fr/signaler-abus/2175/1874]
[evolution-rgaa.numerique.gouv.fr/signaler-abus/2175/2039]
[evolution-rgaa.numerique.gouv.fr/participer/glossaire/passage-de-texte-lie-par-aria-labelledby-ou-aria-describedby-2199.html]
[evolution-rgaa.numerique.gouv.fr/participer/glossaire/cadre-en-ligne-2198.html]
[evolution-rgaa.numerique.gouv.fr/participer/glossaire/titre-de-cadre-2197.html]
[evolution-rgaa.numerique.gouv.fr/participer/notes-techniques/critere-73-2628.html]
[evolution-rgaa.numerique.gouv.fr/participer/notes-techniques/critere-1210-2574.html]
[evolution-rgaa.numerique.gouv.fr/participer/notes-techniques/critere-65-2549.html]
[evolution-rgaa.numerique.gouv.fr/participer/notes-techniques/critere-12-2378.html]
[evolution-rgaa.numerique.gouv.fr/participer/notes-techniques/critere-13-2394.html]
[evolution-rgaa.numerique.gouv.fr/participer/notes-techniques/critere-16-2426.html]
[evolution-rgaa.numerique.gouv.fr/signaler-abus/2471/2040]
[evolution-rgaa.numerique.gouv.fr/participer/notes-techniques/critere-110-2469.html]
[evolution-rgaa.numerique.gouv.fr/participer/notes-techniques/critere-92-2303.html]
[evolution-rgaa.numerique.gouv.fr/participer/notes-techniques/critere-93-2311.html]
[evolution-rgaa.numerique.gouv.fr/signaler-abus/2328/1909]
[evolution-rgaa.numerique.gouv.fr/participer/notes-techniques/critere-107-2327.html]
[evolution-rgaa.numerique.gouv.fr/participer/notes-techniques/critere-1320-2497.html]
[evolution-rgaa.numerique.gouv.fr/signaler-abus/2511.2c5.delayed]
[evolution-rgaa.numerique.gouv.fr/signaler-abus/2507]
[evolution-rgaa.numerique.gouv.fr/signaler-abus/2506]
[evolution-rgaa.numerique.gouv.fr/signaler-abus/2505]
[evolution-rgaa.numerique.gouv.fr/signaler-abus/2352]
[evolution-rgaa.numerique.gouv.fr/signaler-abus/2350]
[evolution-rgaa.numerique.gouv.fr/signaler-abus/2286.2cb.delayed]
[evolution-rgaa.numerique.gouv.fr/signaler-abus/2286/1898.2cc.delayed]
[evolution-rgaa.numerique.gouv.fr/signaler-abus/2286/1900]
[evolution-rgaa.numerique.gouv.fr/signaler-abus/2285.2ce.delayed]
[evolution-rgaa.numerique.gouv.fr/signaler-abus/2285/1913]
[evolution-rgaa.numerique.gouv.fr/signaler-abus/2284]
[evolution-rgaa.numerique.gouv.fr/signaler-abus/2284/1875.2d1.delayed]
[evolution-rgaa.numerique.gouv.fr/signaler-abus/2284/1876]
[evolution-rgaa.numerique.gouv.fr/signaler-abus/2284/1877]
[evolution-rgaa.numerique.gouv.fr/signaler-abus/2284/1906]
[evolution-rgaa.numerique.gouv.fr/signaler-abus/2284/1907.2d5.delayed]
[evolution-rgaa.numerique.gouv.fr/signaler-abus/2284/1912]
[evolution-rgaa.numerique.gouv.fr/signaler-abus/2283]
[evolution-rgaa.numerique.gouv.fr/ajax/dialoguons-contributions/22502c4a.json]
[evolution-rgaa.numerique.gouv.fr/participer/questions-diverses/simplicite-dacces-facilite-dutilisation-et-de-mise-en-oeuvre-du-rgaa.html]
[evolution-rgaa.numerique.gouv.fr/signaler-abus/2508.2da.delayed]
[evolution-rgaa.numerique.gouv.fr/signaler-abus/2508/1973]
[evolution-rgaa.numerique.gouv.fr/participer/questions-diverses/methode-de-calcul-du-taux-de-conformite-2249.html]
[evolution-rgaa.numerique.gouv.fr/signaler-abus/2351.2dd.delayed]
[evolution-rgaa.numerique.gouv.fr/participer/questions-diverses/methode-daudit-2248.html]
[evolution-rgaa.numerique.gouv.fr/mentions-legales.html]
[evolution-rgaa.numerique.gouv.fr/accessibilite.html]
[evolution-rgaa.numerique.gouv.fr/sites/all/modules/contrib/hybridauth/plugins/icon_pack/hybridauth_16/icons/wargaming.html]
[fonts.googleapis.com/css.101cc6f.delayed]
[fonts.googleapis.com/css.101cc6f.delayed]
[evolution-rgaa.numerique.gouv.fr/path/to/boxsizing.html]
[evolution-rgaa.numerique.gouv.fr/sites/all/themes/custom/dialoguons/styles/fonts/tinymce.svg]
[evolution-rgaa.numerique.gouv.fr/sites/all/themes/custom/dialoguons/images/chevron-bottom-2.svg]
[evolution-rgaa.numerique.gouv.fr/sites/all/themes/custom/dialoguons/images/chevron-left.svg]
[evolution-rgaa.numerique.gouv.fr/sites/all/themes/custom/dialoguons/images/close-3.svg]
[evolution-rgaa.numerique.gouv.fr/sites/all/themes/custom/dialoguons/images/close.svg]
[evolution-rgaa.numerique.gouv.fr/sites/all/themes/custom/dialoguons/images/chevron-right-4.svg]
[evolution-rgaa.numerique.gouv.fr/sites/all/themes/custom/dialoguons/images/picto-home.svg]
[evolution-rgaa.numerique.gouv.fr/sites/all/themes/custom/dialoguons/images/chevron-top-3.svg]
[evolution-rgaa.numerique.gouv.fr/sites/all/themes/custom/dialoguons/images/external-link-2.svg]
[evolution-rgaa.numerique.gouv.fr/sites/all/themes/custom/dialoguons/images/external-link-5.svg]
[evolution-rgaa.numerique.gouv.fr/sites/all/themes/custom/dialoguons/images/external-link-4.svg]
[evolution-rgaa.numerique.gouv.fr/sites/all/themes/custom/dialoguons/images/chevron-right.svg]
[evolution-rgaa.numerique.gouv.fr/sites/all/themes/custom/dialoguons/images/chevron-top.svg]
[evolution-rgaa.numerique.gouv.fr/sites/all/themes/custom/dialoguons/images/chevron-top-2.svg]
[evolution-rgaa.numerique.gouv.fr/sites/all/themes/custom/dialoguons/images/chevron-bottom.svg]
[evolution-rgaa.numerique.gouv.fr/sites/all/themes/custom/dialoguons/images/chevron-bottom-3.svg]
[evolution-rgaa.numerique.gouv.fr/sites/all/themes/custom/dialoguons/images/close-2.svg]
[evolution-rgaa.numerique.gouv.fr/sites/all/themes/custom/dialoguons/images/picto-search-3.svg]
[evolution-rgaa.numerique.gouv.fr/sites/all/themes/custom/dialoguons/images/picto-search.svg]
[evolution-rgaa.numerique.gouv.fr/sites/all/themes/custom/dialoguons/images/picto-search-2.svg]
[evolution-rgaa.numerique.gouv.fr/sites/all/themes/custom/dialoguons/images/contrib-home.svg]
[evolution-rgaa.numerique.gouv.fr/sites/all/themes/custom/dialoguons/images/contrib.svg]
[evolution-rgaa.numerique.gouv.fr/sites/all/themes/custom/dialoguons/images/vote.svg]
[evolution-rgaa.numerique.gouv.fr/sites/all/themes/custom/dialoguons/images/account.svg]
[evolution-rgaa.numerique.gouv.fr/sites/all/themes/custom/dialoguons/images/vote-home.svg]
[evolution-rgaa.numerique.gouv.fr/sites/all/themes/custom/dialoguons/images/chevron-right-3.svg]
[evolution-rgaa.numerique.gouv.fr/sites/all/themes/custom/dialoguons/images/more.svg]
[evolution-rgaa.numerique.gouv.fr/sites/default/files/css/css_O-A149MN3uDjHyleLhWarmM_0ii9l1M-xNN1C8KaAu4.css]
[evolution-rgaa.numerique.gouv.fr/sites/default/files/css/css_kziQbEOaZnn2RRoj-B83VIC8E4dqanlewxz0aBL9PxQ.css]
[evolution-rgaa.numerique.gouv.fr/modal_forms/nojs/password.html]
[evolution-rgaa.numerique.gouv.fr/mon-profil.html]
[evolution-rgaa.numerique.gouv.fr/sites/default/files/css/css_Y0laKfAOQWDNjdH0nx382IvrERgPw2qPFDFIlje4D0Y.css]
[references.modernisation.gouv.fr/rgaa-accessibilite/introduction-RGAA.14a.delayed]
[references.modernisation.gouv.fr/rgaa-accessibilite/introduction-RGAA.14a.delayed]
[references.modernisation.gouv.fr/rgaa-accessibilite/guide-accompagnement-RGAA.14b.delayed]
[references.modernisation.gouv.fr/rgaa-accessibilite/guide-accompagnement-RGAA.14b.delayed]
[references.modernisation.gouv.fr/rgaa-accessibilite/criteres.14c.delayed]
[references.modernisation.gouv.fr/rgaa-accessibilite/criteres.14c.delayed]
[references.modernisation.gouv.fr/rgaa-accessibilite/glossaire.14d.delayed]
[references.modernisation.gouv.fr/rgaa-accessibilite/glossaire.14d.delayed]
[references.modernisation.gouv.fr/rgaa-accessibilite/cas-particuliers.14e.delayed]
[references.modernisation.gouv.fr/rgaa-accessibilite/cas-particuliers.14e.delayed]
[references.modernisation.gouv.fr/rgaa-accessibilite/notes-techniques.14f.delayed]
[references.modernisation.gouv.fr/rgaa-accessibilite/notes-techniques.14f.delayed]
[references.modernisation.gouv.fr/rgaa-accessibilite/base-de-reference.150.delayed]
[references.modernisation.gouv.fr/rgaa-accessibilite/base-de-reference.150.delayed]
[references.modernisation.gouv.fr/rgaa-accessibilite/references.151.delayed]
[references.modernisation.gouv.fr/rgaa-accessibilite/references.151.delayed]
[www.w3.org/TR/WCAG21/guidelines.css]
[www.w3.org/TR/WCAG21/relative-luminance.xml]
[www.w3.org/TR/WCAG21/index.html]
[www.w3.org/Translations/WCAG20-fr/print.css]
[www.w3.org/Translations/WCAG20-fr/additional.css]
[www.w3.org/Translations/WCAG20-fr/index.html]
[www.w3.org/TR/WCAG20/index.html]
[www.w3.org/TR/html5/index.html]
[www.w3.org/TR/WCAG20-TECHS/index.html]
[www.w3.org/TR/UNDERSTANDING-WCAG20/index.html]
[www.w3.org/TR/accname-1.1/index.html]
[www.w3.org/TR/html-aam-1.0/index.html]
[www.w3.org/TR/html-aria/index.html]
[www.legifrance.gouv.fr/affichTexteArticle.1545979.delayed]
[www.legifrance.gouv.fr/affichTexteArticle.1545979.delayed]
[www.legifrance.gouv.fr/affichTexte.155f072.delayed]
[eur-lex.europa.eu/legal-content/FR/TXT/indexfd0f.html]
[evolution-rgaa.numerique.gouv.fr/sites/default/files/css/css_tLC_BeBzpOZ7H2S2tA9SJFrFZZ6UTZuXemUQv263mSA.css]
[evolution-rgaa.numerique.gouv.fr/sites/default/files/css/css_mzYYOmu42q9GBREi0pt3KiYDMmkmuob318EW9aS4sQg.css]
[evolution-rgaa.numerique.gouv.fr/sites/default/files/css/css__dZCc3EU5-LQdNHVLsKiUqbT3w1tl_pmp34aHS-g9P4.css]
[evolution-rgaa.numerique.gouv.fr/sites/all/themes/custom/dialoguons/images/like-entity-node.svg]
[evolution-rgaa.numerique.gouv.fr/sites/all/themes/custom/dialoguons/images/dislike-entity-node.svg]
[evolution-rgaa.numerique.gouv.fr/signaler-abus/2358/1944.html]
[evolution-rgaa.numerique.gouv.fr/sites/all/themes/custom/dialoguons/images/like-entity-comment.svg]
[evolution-rgaa.numerique.gouv.fr/sites/all/themes/custom/dialoguons/images/dislike-entity-comment.svg]
[evolution-rgaa.numerique.gouv.fr/signaler-abus/2358/1945.html]
[evolution-rgaa.numerique.gouv.fr/signaler-abus/2360/1975.html]
[evolution-rgaa.numerique.gouv.fr/signaler-abus/2361/1976.html]
[evolution-rgaa.numerique.gouv.fr/signaler-abus/2361/2055.html]
[evolution-rgaa.numerique.gouv.fr/signaler-abus/2361/2057.html]
[evolution-rgaa.numerique.gouv.fr/signaler-abus/2364/2019.html]
[evolution-rgaa.numerique.gouv.fr/signaler-abus/2373/2020.html]
[evolution-rgaa.numerique.gouv.fr/signaler-abus/2374/2021.html]
[evolution-rgaa.numerique.gouv.fr/signaler-abus/2375/2022.html]
[evolution-rgaa.numerique.gouv.fr/signaler-abus/2381/1938.html]
[evolution-rgaa.numerique.gouv.fr/signaler-abus/2381/1977.html]
[evolution-rgaa.numerique.gouv.fr/signaler-abus/2381/1978.html]
[evolution-rgaa.numerique.gouv.fr/signaler-abus/2383/2023.html]
[evolution-rgaa.numerique.gouv.fr/signaler-abus/2389/2024.html]
[evolution-rgaa.numerique.gouv.fr/signaler-abus/2397/2014.html]
[evolution-rgaa.numerique.gouv.fr/signaler-abus/2397/2015.html]
[evolution-rgaa.numerique.gouv.fr/signaler-abus/2424/2025.html]
[evolution-rgaa.numerique.gouv.fr/signaler-abus/2421/2026.html]
[evolution-rgaa.numerique.gouv.fr/signaler-abus/2420/2056.html]
[evolution-rgaa.numerique.gouv.fr/signaler-abus/2429/1969.html]
[evolution-rgaa.numerique.gouv.fr/signaler-abus/2434/2027.html]
[evolution-rgaa.numerique.gouv.fr/signaler-abus/2438/1964.html]
[evolution-rgaa.numerique.gouv.fr/signaler-abus/2440/2028.html]
[evolution-rgaa.numerique.gouv.fr/signaler-abus/2456/1993.html]
[evolution-rgaa.numerique.gouv.fr/signaler-abus/2456/1994.html]
[evolution-rgaa.numerique.gouv.fr/signaler-abus/2456/2045.html]
[evolution-rgaa.numerique.gouv.fr/signaler-abus/2180/1813.html]
[evolution-rgaa.numerique.gouv.fr/signaler-abus/2180/1850.html]
[evolution-rgaa.numerique.gouv.fr/signaler-abus/2181/1851.html]
[evolution-rgaa.numerique.gouv.fr/signaler-abus/2181/1939.html]
[evolution-rgaa.numerique.gouv.fr/signaler-abus/2181/1940.html]
[evolution-rgaa.numerique.gouv.fr/signaler-abus/2184/1895.html]
[evolution-rgaa.numerique.gouv.fr/signaler-abus/2184/1941.html]
[evolution-rgaa.numerique.gouv.fr/signaler-abus/2257/1867.html]
[evolution-rgaa.numerique.gouv.fr/signaler-abus/2257/1989.html]
[evolution-rgaa.numerique.gouv.fr/signaler-abus/2267/1833.html]
[evolution-rgaa.numerique.gouv.fr/signaler-abus/2268/1834.html]
[evolution-rgaa.numerique.gouv.fr/signaler-abus/2268/1955.html]
[evolution-rgaa.numerique.gouv.fr/signaler-abus/2271/1836.html]
[evolution-rgaa.numerique.gouv.fr/signaler-abus/2657.html]
[evolution-rgaa.numerique.gouv.fr/signaler-abus/2657/2117.html]
[evolution-rgaa.numerique.gouv.fr/signaler-abus/2476/2100.html]
[evolution-rgaa.numerique.gouv.fr/signaler-abus/2220/1883.html]
[evolution-rgaa.numerique.gouv.fr/signaler-abus/2224/1843.html]
[evolution-rgaa.numerique.gouv.fr/signaler-abus/2224/1872.html]
[evolution-rgaa.numerique.gouv.fr/signaler-abus/2224/1887.html]
[evolution-rgaa.numerique.gouv.fr/signaler-abus/2224/1894.html]
[evolution-rgaa.numerique.gouv.fr/signaler-abus/2224/1903.html]
[evolution-rgaa.numerique.gouv.fr/signaler-abus/2224/1905.html]
[evolution-rgaa.numerique.gouv.fr/signaler-abus/2225/1842.html]
[evolution-rgaa.numerique.gouv.fr/signaler-abus/2225/1897.html]
[evolution-rgaa.numerique.gouv.fr/signaler-abus/2472/2101.html]
[evolution-rgaa.numerique.gouv.fr/signaler-abus/2227/1870.html]
[evolution-rgaa.numerique.gouv.fr/signaler-abus/2227/2111.html]
[evolution-rgaa.numerique.gouv.fr/signaler-abus/2279.html]
[evolution-rgaa.numerique.gouv.fr/signaler-abus/2658.html]
[evolution-rgaa.numerique.gouv.fr/signaler-abus/2609/2112.html]
[evolution-rgaa.numerique.gouv.fr/signaler-abus/2608/2113.html]
[evolution-rgaa.numerique.gouv.fr/signaler-abus/2607/2114.html]
[evolution-rgaa.numerique.gouv.fr/signaler-abus/2659.html]
[evolution-rgaa.numerique.gouv.fr/signaler-abus/2542/2053.html]
[evolution-rgaa.numerique.gouv.fr/signaler-abus/2537/2102.html]
[evolution-rgaa.numerique.gouv.fr/signaler-abus/2537/2116.html]
[evolution-rgaa.numerique.gouv.fr/signaler-abus/2229/1952.html]
[evolution-rgaa.numerique.gouv.fr/signaler-abus/2229/1959.html]
[evolution-rgaa.numerique.gouv.fr/signaler-abus/2229/2006.html]
[evolution-rgaa.numerique.gouv.fr/signaler-abus/2230/1859.html]
[evolution-rgaa.numerique.gouv.fr/signaler-abus/2230/1868.html]
[evolution-rgaa.numerique.gouv.fr/signaler-abus/2289/1923.html]
[evolution-rgaa.numerique.gouv.fr/signaler-abus/2290/1924.html]
[evolution-rgaa.numerique.gouv.fr/signaler-abus/2296/2103.html]
[evolution-rgaa.numerique.gouv.fr/signaler-abus/2297/1925.html]
[evolution-rgaa.numerique.gouv.fr/signaler-abus/2307/1926.html]
[evolution-rgaa.numerique.gouv.fr/signaler-abus/2316/2104.html]
[evolution-rgaa.numerique.gouv.fr/signaler-abus/2316/2108.html]
[evolution-rgaa.numerique.gouv.fr/signaler-abus/2316/2115.html]
[evolution-rgaa.numerique.gouv.fr/signaler-abus/2324/1910.html]
[evolution-rgaa.numerique.gouv.fr/signaler-abus/2324/1911.html]
[evolution-rgaa.numerique.gouv.fr/signaler-abus/2324/1942.html]
[evolution-rgaa.numerique.gouv.fr/signaler-abus/2324/1943.html]
[evolution-rgaa.numerique.gouv.fr/signaler-abus/2324/1946.html]
[evolution-rgaa.numerique.gouv.fr/signaler-abus/2330/1927.html]
[evolution-rgaa.numerique.gouv.fr/signaler-abus/2331/2046.html]
[evolution-rgaa.numerique.gouv.fr/signaler-abus/2243/1866.html]
[evolution-rgaa.numerique.gouv.fr/signaler-abus/2244/1882.html]
[evolution-rgaa.numerique.gouv.fr/signaler-abus/2504.html]
[evolution-rgaa.numerique.gouv.fr/signaler-abus/2503.html]
[evolution-rgaa.numerique.gouv.fr/signaler-abus/2340/1928.html]
[evolution-rgaa.numerique.gouv.fr/signaler-abus/2340/2099.html]
[evolution-rgaa.numerique.gouv.fr/signaler-abus/2345/1929.html]
[evolution-rgaa.numerique.gouv.fr/signaler-abus/2345/1966.html]
[evolution-rgaa.numerique.gouv.fr/signaler-abus/2345/1967.html]
[evolution-rgaa.numerique.gouv.fr/signaler-abus/2346/2007.html]
[evolution-rgaa.numerique.gouv.fr/signaler-abus/2347/1914.html]
[evolution-rgaa.numerique.gouv.fr/signaler-abus/2650/2072.html]
[evolution-rgaa.numerique.gouv.fr/signaler-abus/2102/1965.html]
[evolution-rgaa.numerique.gouv.fr/signaler-abus/2102/2105.html]
[evolution-rgaa.numerique.gouv.fr/signaler-abus/2103/1788.html]
[evolution-rgaa.numerique.gouv.fr/signaler-abus/2103/1789.html]
[evolution-rgaa.numerique.gouv.fr/signaler-abus/2103/1817.html]
[evolution-rgaa.numerique.gouv.fr/signaler-abus/2103/1954.html]
[evolution-rgaa.numerique.gouv.fr/participer/formulaire/glossaire.html]
[evolution-rgaa.numerique.gouv.fr/signaler-abus/2105/1790.html]
[evolution-rgaa.numerique.gouv.fr/signaler-abus/2105/1792.html]
[evolution-rgaa.numerique.gouv.fr/signaler-abus/2105/1812.html]
[evolution-rgaa.numerique.gouv.fr/signaler-abus/2105/1888.html]
[evolution-rgaa.numerique.gouv.fr/signaler-abus/2105/1889.html]
[evolution-rgaa.numerique.gouv.fr/signaler-abus/2105/1899.html]
[evolution-rgaa.numerique.gouv.fr/signaler-abus/2105/1917.html]
[evolution-rgaa.numerique.gouv.fr/signaler-abus/2105/1991.html]
[evolution-rgaa.numerique.gouv.fr/signaler-abus/2106/1791.html]
[evolution-rgaa.numerique.gouv.fr/signaler-abus/2106/1793.html]
[evolution-rgaa.numerique.gouv.fr/signaler-abus/2106/2060.html]
[evolution-rgaa.numerique.gouv.fr/signaler-abus/2111/2106.html]
[evolution-rgaa.numerique.gouv.fr/signaler-abus/2514/2061.html]
[evolution-rgaa.numerique.gouv.fr/signaler-abus/2113/1826.html]
[evolution-rgaa.numerique.gouv.fr/signaler-abus/2114/1787.html]
[evolution-rgaa.numerique.gouv.fr/signaler-abus/2114/1794.html]
[evolution-rgaa.numerique.gouv.fr/signaler-abus/2114/1808.html]
[evolution-rgaa.numerique.gouv.fr/signaler-abus/2116/2062.html]
[evolution-rgaa.numerique.gouv.fr/signaler-abus/2117/1823.html]
[evolution-rgaa.numerique.gouv.fr/signaler-abus/2117/2107.html]
[evolution-rgaa.numerique.gouv.fr/signaler-abus/2120/2065.html]
[evolution-rgaa.numerique.gouv.fr/signaler-abus/2121/1795.html]
[evolution-rgaa.numerique.gouv.fr/signaler-abus/2121/1890.html]
[evolution-rgaa.numerique.gouv.fr/signaler-abus/2128/1822.html]
[evolution-rgaa.numerique.gouv.fr/signaler-abus/2132/1796.html]
[evolution-rgaa.numerique.gouv.fr/signaler-abus/2132/1821.html]
[evolution-rgaa.numerique.gouv.fr/signaler-abus/2134/1797.html]
[evolution-rgaa.numerique.gouv.fr/signaler-abus/2134/1820.html]
[evolution-rgaa.numerique.gouv.fr/signaler-abus/2134/2064.html]
[evolution-rgaa.numerique.gouv.fr/signaler-abus/2137/1999.html]
[evolution-rgaa.numerique.gouv.fr/signaler-abus/2138/2000.html]
[evolution-rgaa.numerique.gouv.fr/signaler-abus/2139/2001.html]
[evolution-rgaa.numerique.gouv.fr/signaler-abus/2140/2002.html]
[evolution-rgaa.numerique.gouv.fr/signaler-abus/2278.html]
[evolution-rgaa.numerique.gouv.fr/signaler-abus/2146/2109.html]
[evolution-rgaa.numerique.gouv.fr/signaler-abus/2160/1798.html]
[evolution-rgaa.numerique.gouv.fr/signaler-abus/2160/1806.html]
[evolution-rgaa.numerique.gouv.fr/signaler-abus/2160/1809.html]
[evolution-rgaa.numerique.gouv.fr/signaler-abus/2160/1864.html]
[evolution-rgaa.numerique.gouv.fr/signaler-abus/2160/1865.html]
[evolution-rgaa.numerique.gouv.fr/signaler-abus/2160/1880.html]
[evolution-rgaa.numerique.gouv.fr/signaler-abus/2160/2043.html]
[evolution-rgaa.numerique.gouv.fr/signaler-abus/2645/2098.html]
[evolution-rgaa.numerique.gouv.fr/signaler-abus/2188/1818.html]
[evolution-rgaa.numerique.gouv.fr/signaler-abus/2188/1970.html]
[evolution-rgaa.numerique.gouv.fr/signaler-abus/2495/1972.html]
[evolution-rgaa.numerique.gouv.fr/signaler-abus/2495/1998.html]
[evolution-rgaa.numerique.gouv.fr/signaler-abus/2193/1988.html]
[evolution-rgaa.numerique.gouv.fr/signaler-abus/2193/2063.html]
[evolution-rgaa.numerique.gouv.fr/signaler-abus/2491/2044.html]
[evolution-rgaa.numerique.gouv.fr/signaler-abus/2277/1824.html]
[evolution-rgaa.numerique.gouv.fr/signaler-abus/2277/1825.html]
[evolution-rgaa.numerique.gouv.fr/signaler-abus/2349/2013.html]
[evolution-rgaa.numerique.gouv.fr/signaler-abus/2640/2081.html]
[evolution-rgaa.numerique.gouv.fr/signaler-abus/2638/2082.html]
[evolution-rgaa.numerique.gouv.fr/signaler-abus/2636/2073.html]
[evolution-rgaa.numerique.gouv.fr/signaler-abus/2636/2074.html]
[evolution-rgaa.numerique.gouv.fr/signaler-abus/2636/2078.html]
[evolution-rgaa.numerique.gouv.fr/signaler-abus/2636/2079.html]
[evolution-rgaa.numerique.gouv.fr/signaler-abus/2636/2080.html]
[evolution-rgaa.numerique.gouv.fr/signaler-abus/2612/2083.html]
[evolution-rgaa.numerique.gouv.fr/signaler-abus/2612/2084.html]
[evolution-rgaa.numerique.gouv.fr/signaler-abus/2520/2054.html]
[evolution-rgaa.numerique.gouv.fr/signaler-abus/2520/2077.html]
[evolution-rgaa.numerique.gouv.fr/signaler-abus/2651.html]
[evolution-rgaa.numerique.gouv.fr/signaler-abus/2651/2091.html]
[evolution-rgaa.numerique.gouv.fr/signaler-abus/2651/2110.html]
[evolution-rgaa.numerique.gouv.fr/signaler-abus/2453/1956.html]
[evolution-rgaa.numerique.gouv.fr/signaler-abus/2273/1829.html]
[evolution-rgaa.numerique.gouv.fr/signaler-abus/2273/1855.html]
[evolution-rgaa.numerique.gouv.fr/signaler-abus/2241/1832.html]
[evolution-rgaa.numerique.gouv.fr/signaler-abus/2241/1862.html]
[evolution-rgaa.numerique.gouv.fr/signaler-abus/2169/1990.html]
[evolution-rgaa.numerique.gouv.fr/signaler-abus/2173/1807.html]
[evolution-rgaa.numerique.gouv.fr/signaler-abus/2174/1819.html]
[evolution-rgaa.numerique.gouv.fr/signaler-abus/2175/1830.html]
[evolution-rgaa.numerique.gouv.fr/signaler-abus/2175/1831.html]
[evolution-rgaa.numerique.gouv.fr/signaler-abus/2175/1873.html]
[evolution-rgaa.numerique.gouv.fr/signaler-abus/2175/1874.html]
[evolution-rgaa.numerique.gouv.fr/signaler-abus/2175/2039.html]
[evolution-rgaa.numerique.gouv.fr/signaler-abus/2471/2040.html]
[evolution-rgaa.numerique.gouv.fr/signaler-abus/2328/1909.html]
[evolution-rgaa.numerique.gouv.fr/signaler-abus/2511.html]
[evolution-rgaa.numerique.gouv.fr/signaler-abus/2507.html]
[evolution-rgaa.numerique.gouv.fr/signaler-abus/2506.html]
[evolution-rgaa.numerique.gouv.fr/signaler-abus/2505.html]
[evolution-rgaa.numerique.gouv.fr/signaler-abus/2352.html]
[evolution-rgaa.numerique.gouv.fr/signaler-abus/2350.html]
[evolution-rgaa.numerique.gouv.fr/signaler-abus/2286.html]
[evolution-rgaa.numerique.gouv.fr/signaler-abus/2286/1898.html]
[evolution-rgaa.numerique.gouv.fr/signaler-abus/2286/1900.html]
[evolution-rgaa.numerique.gouv.fr/signaler-abus/2285.html]
[evolution-rgaa.numerique.gouv.fr/signaler-abus/2285/1913.html]
[evolution-rgaa.numerique.gouv.fr/signaler-abus/2284.html]
[evolution-rgaa.numerique.gouv.fr/signaler-abus/2284/1875.html]
[evolution-rgaa.numerique.gouv.fr/signaler-abus/2284/1876.html]
[evolution-rgaa.numerique.gouv.fr/signaler-abus/2284/1877.html]
[evolution-rgaa.numerique.gouv.fr/signaler-abus/2284/1906.html]
[evolution-rgaa.numerique.gouv.fr/signaler-abus/2284/1907.html]
[evolution-rgaa.numerique.gouv.fr/signaler-abus/2284/1912.html]
[evolution-rgaa.numerique.gouv.fr/signaler-abus/2283.html]
[evolution-rgaa.numerique.gouv.fr/signaler-abus/2508.html]
[evolution-rgaa.numerique.gouv.fr/signaler-abus/2508/1973.html]
[evolution-rgaa.numerique.gouv.fr/signaler-abus/2351.html]
[evolution-rgaa.numerique.gouv.fr/search/node/index.html]
[evolution-rgaa.numerique.gouv.fr/sites/default/files/css/css_Y0laKfAOQWDNjdH0nx382IvrERgPw2qPFDFIlje4D0Y.css]
[www.w3.org/TR/WCAG21/guidelines.css]
[www.w3.org/Translations/WCAG20-fr/print.css]
[www.w3.org/Translations/WCAG20-fr/additional.css]
[evolution-rgaa.numerique.gouv.fr/search/node.html]
[evolution-rgaa.numerique.gouv.fr/search/node.html]
